<html>
<body>
<pre>
<h1>µVision Build Log</h1>
<h2>Tool Versions:</h2>
IDE-Version: ¦ÌVision V5.14.0.0
Copyright (C) 2015 ARM Ltd and ARM Germany GmbH. All rights reserved.
License Information: 1 typ, 1, LIC=VB430-B5NV5-7H48N-Y4S3C-L12V5-W3PT7
 
Tool Versions:
Toolchain:       MDK-ARM Basic (256K)  Version: 5.14.0.0
Toolchain Path:  D:\APP\Keil\pack\ARM\ARMCC\Bin
C Compiler:      Armcc.exe V5.05 update 1 (build 106)
Assembler:       Armasm.exe V5.05 update 1 (build 106)
Linker/Locator:  ArmLink.exe V5.05 update 1 (build 106)
Library Manager: ArmAr.exe V5.05 update 1 (build 106)
Hex Converter:   FromElf.exe V5.05 update 1 (build 106)
CPU DLL:         SARMCM3.DLL V5.14.0.0
Dialog DLL:      DARMSTM.DLL V1.65.0.0
Target DLL:      STLink\ST-LINKIII-KEIL_SWO.dll V2.0.14.0_KEIL
Dialog DLL:      TARMSTM.DLL V1.64.0.0
 
<h2>Project:</h2>
C:\Myproject\LV - V20190322N\Template.uvprojx
Project File Date:  09/01/2021

<h2>Output:</h2>
Build target 'Target 1'
compiling main.c...
user\main.c(81): warning:  #188-D: enumerated type mixed with another type
                        RECEIVE_flag2 = 0;
user\main.c: 1 warning, 0 errors
linking...
Program Size: Code=15956 RO-data=336 RW-data=80 ZI-data=1480  
FromELF: creating hex file...
".\output\¹¤³ÌÄ£°å.axf" - 0 Error(s), 1 Warning(s).

<h2>Collection of Component include folders:</h2>
  C:\Myproject\LV - V20190322N\RTE
  D:\APP\Keil\pack\ARM\PACK\Keil\STM32F1xx_DFP\1.1.0\Device\Include

<h2>Collection of Component Files used:</h2>
</pre>
</body>
</html>
