<html>
<body>
<pre>
<h1>礦ision Build Log</h1>
<h2>Tool Versions:</h2>
IDE-Version: μVision V5.14.0.0
Copyright (C) 2015 ARM Ltd and ARM Germany GmbH. All rights reserved.
License Information: 1 Administrator, 1, LIC=JL22Z-JNUBM-EUC4R-KR5H8-2XWRT-ZBU30
 
Tool Versions:
Toolchain:       MDK-ARM Standard  Version: 5.14.0.0
Toolchain Path:  D:\App\keil5\ARM\ARMCC\Bin
C Compiler:      Armcc.exe V5.05 update 1 (build 106)
Assembler:       Armasm.exe V5.05 update 1 (build 106)
Linker/Locator:  ArmLink.exe V5.05 update 1 (build 106)
Library Manager: ArmAr.exe V5.05 update 1 (build 106)
Hex Converter:   FromElf.exe V5.05 update 1 (build 106)
CPU DLL:         SARMCM3.DLL V5.14.0.0
Dialog DLL:      DARMSTM.DLL V1.65.0.0
Target DLL:      Segger\JL2CM3.dll V2.99.13.0
Dialog DLL:      TARMSTM.DLL V1.64.0.0
 
<h2>Project:</h2>
F:\transmission\ADC连续采集可用DMA2019\backup\Template.uvprojx
Project File Date:  02/21/2019

<h2>Output:</h2>
Build target 'Target 1'
compiling main.c...
user\main.c(23): warning:  #177-D: variable "value" was declared but never referenced
        u16 value[N];
user\main.c: 1 warning, 0 errors
compiling usart.c...
compiling printf.c...
compiling ADCscan.c...
linking...
Program Size: Code=10868 RO-data=336 RW-data=52 ZI-data=1636  
FromELF: creating hex file...
".\output\工程模板.axf" - 0 Error(s), 1 Warning(s).

<h2>Collection of Component include folders:</h2>
  F:\transmission\ADC连续采集可用DMA2019\backup\RTE
  D:\App\keil5\ARM\PACK\Keil\STM32F1xx_DFP\1.1.0\Device\Include

<h2>Collection of Component Files used:</h2>
</pre>
</body>
</html>
