Component: ARM Compiler 5.05 update 1 (build 106) Tool: armlink [4d0efa]

==============================================================================

Section Cross References

    stm32f10x_it.o(.text) refers to stm32f10x_tim.o(.text) for TIM_ClearITPendingBit
    stm32f10x_it.o(.text) refers to printf.o(.text) for My_USART1_IRQHandler
    main.o(.text) refers to public.o(.text) for Base_INI
    main.o(.text) refers to systick.o(.text) for delay_ms
    main.o(.text) refers to printf.o(.text) for USART2_Send_Char
    main.o(.text) refers to stm32f10x_usart.o(.text) for USART_Cmd
    main.o(.text) refers to stm32f10x_gpio.o(.text) for GPIO_ReadInputDataBit
    main.o(.text) refers to printfa.o(i.__0printf) for __2printf
    main.o(.text) refers to ffltui.o(.text) for __aeabi_ui2f
    main.o(.text) refers to fdiv.o(.text) for __aeabi_fdiv
    main.o(.text) refers to f2d.o(.text) for __aeabi_f2d
    main.o(.text) refers to dmul.o(.text) for __aeabi_dmul
    main.o(.text) refers to d2f.o(.text) for __aeabi_d2f
    main.o(.text) refers to printf.o(.data) for RECEIVE_flag2
    main.o(.text) refers to adc.o(.data) for ADC_ConvertedValue
    main.o(.text) refers to main.o(.data) for ADC_ConvertedValueLocal
    public.o(.text) refers to system_stm32f10x.o(.text) for SystemInit
    public.o(.text) refers to printf.o(.text) for USART1_INI
    public.o(.text) refers to time.o(.text) for time_init
    public.o(.text) refers to led.o(.text) for GPIO_initial
    public.o(.text) refers to adc.o(.text) for ADC1_Init
    public.o(.text) refers to printfa.o(i.__0sprintf) for __2sprintf
    system_stm32f10x.o(.text) refers to system_stm32f10x.o(.data) for SystemCoreClock
    startup_stm32f10x_hd.o(RESET) refers to startup_stm32f10x_hd.o(STACK) for __initial_sp
    startup_stm32f10x_hd.o(RESET) refers to startup_stm32f10x_hd.o(.text) for Reset_Handler
    startup_stm32f10x_hd.o(RESET) refers to stm32f10x_it.o(.text) for NMI_Handler
    startup_stm32f10x_hd.o(.text) refers to system_stm32f10x.o(.text) for SystemInit
    startup_stm32f10x_hd.o(.text) refers to entry.o(.ARM.Collect$$$$00000000) for __main
    stm32f10x_gpio.o(.text) refers to stm32f10x_rcc.o(.text) for RCC_APB2PeriphResetCmd
    stm32f10x_rcc.o(.text) refers to stm32f10x_rcc.o(.data) for APBAHBPrescTable
    stm32f10x_usart.o(.text) refers to stm32f10x_rcc.o(.text) for RCC_APB2PeriphResetCmd
    stm32f10x_tim.o(.text) refers to stm32f10x_rcc.o(.text) for RCC_APB2PeriphResetCmd
    stm32f10x_spi.o(.text) refers to stm32f10x_rcc.o(.text) for RCC_APB2PeriphResetCmd
    stm32f10x_adc.o(.text) refers to stm32f10x_rcc.o(.text) for RCC_APB2PeriphResetCmd
    printf.o(.text) refers to stm32f10x_usart.o(.text) for USART_SendData
    printf.o(.text) refers to stm32f10x_rcc.o(.text) for RCC_APB2PeriphClockCmd
    printf.o(.text) refers to stm32f10x_gpio.o(.text) for GPIO_Init
    printf.o(.text) refers to misc.o(.text) for NVIC_PriorityGroupConfig
    printf.o(.text) refers to printf.o(.data) for Uart3Cnt
    printf.o(.text) refers to printf.o(.bss) for RxBuffer1
    printf.o(.text) refers to public.o(.data) for flag_YN
    relay.o(.text) refers to stm32f10x_rcc.o(.text) for RCC_APB2PeriphClockCmd
    relay.o(.text) refers to stm32f10x_gpio.o(.text) for GPIO_Init
    relay.o(.text) refers to systick.o(.text) for delay_us
    time.o(.text) refers to stm32f10x_tim.o(.text) for TIM_ClearITPendingBit
    time.o(.text) refers to misc.o(.text) for NVIC_PriorityGroupConfig
    led.o(.text) refers to stm32f10x_rcc.o(.text) for RCC_APB2PeriphClockCmd
    led.o(.text) refers to stm32f10x_gpio.o(.text) for GPIO_Init
    adc.o(.text) refers to stm32f10x_rcc.o(.text) for RCC_AHBPeriphClockCmd
    adc.o(.text) refers to stm32f10x_gpio.o(.text) for GPIO_Init
    adc.o(.text) refers to stm32f10x_dma.o(.text) for DMA_DeInit
    adc.o(.text) refers to stm32f10x_adc.o(.text) for ADC_Init
    adc.o(.text) refers to adc.o(.data) for ADC_ConvertedValue
    entry.o(.ARM.Collect$$$$00000000) refers (Special) to entry10a.o(.ARM.Collect$$$$0000000D) for __rt_final_cpp
    entry.o(.ARM.Collect$$$$00000000) refers (Special) to entry11a.o(.ARM.Collect$$$$0000000F) for __rt_final_exit
    entry.o(.ARM.Collect$$$$00000000) refers (Special) to entry7b.o(.ARM.Collect$$$$00000008) for _main_clock
    entry.o(.ARM.Collect$$$$00000000) refers (Special) to entry8b.o(.ARM.Collect$$$$0000000A) for _main_cpp_init
    entry.o(.ARM.Collect$$$$00000000) refers (Special) to entry9a.o(.ARM.Collect$$$$0000000B) for _main_init
    entry.o(.ARM.Collect$$$$00000000) refers (Special) to entry5.o(.ARM.Collect$$$$00000004) for _main_scatterload
    entry.o(.ARM.Collect$$$$00000000) refers (Special) to entry2.o(.ARM.Collect$$$$00000001) for _main_stk
    printfb.o(i.__0fprintf$bare) refers to printfb.o(i._printf_core) for _printf_core
    printfb.o(i.__0fprintf$bare) refers to printf.o(.text) for fputc
    printfb.o(i.__0printf$bare) refers to printfb.o(i._printf_core) for _printf_core
    printfb.o(i.__0printf$bare) refers to printf.o(.text) for fputc
    printfb.o(i.__0printf$bare) refers to stdout.o(.data) for __stdout
    printfb.o(i.__0snprintf$bare) refers to printfb.o(i._printf_core) for _printf_core
    printfb.o(i.__0snprintf$bare) refers to printfb.o(i._snputc) for _snputc
    printfb.o(i.__0sprintf$bare) refers to printfb.o(i._printf_core) for _printf_core
    printfb.o(i.__0sprintf$bare) refers to printfb.o(i._sputc) for _sputc
    printfb.o(i.__0vfprintf$bare) refers to printfb.o(i._printf_core) for _printf_core
    printfb.o(i.__0vfprintf$bare) refers to printf.o(.text) for fputc
    printfb.o(i.__0vprintf$bare) refers to printfb.o(i._printf_core) for _printf_core
    printfb.o(i.__0vprintf$bare) refers to printf.o(.text) for fputc
    printfb.o(i.__0vprintf$bare) refers to stdout.o(.data) for __stdout
    printfb.o(i.__0vsnprintf$bare) refers to printfb.o(i._printf_core) for _printf_core
    printfb.o(i.__0vsnprintf$bare) refers to printfb.o(i._snputc) for _snputc
    printfb.o(i.__0vsprintf$bare) refers to printfb.o(i._printf_core) for _printf_core
    printfb.o(i.__0vsprintf$bare) refers to printfb.o(i._sputc) for _sputc
    printf0.o(i.__0fprintf$0) refers to printf0.o(i._printf_core) for _printf_core
    printf0.o(i.__0fprintf$0) refers to printf.o(.text) for fputc
    printf0.o(i.__0printf$0) refers to printf0.o(i._printf_core) for _printf_core
    printf0.o(i.__0printf$0) refers to printf.o(.text) for fputc
    printf0.o(i.__0printf$0) refers to stdout.o(.data) for __stdout
    printf0.o(i.__0snprintf$0) refers to printf0.o(i._printf_core) for _printf_core
    printf0.o(i.__0snprintf$0) refers to printf0.o(i._snputc) for _snputc
    printf0.o(i.__0sprintf$0) refers to printf0.o(i._printf_core) for _printf_core
    printf0.o(i.__0sprintf$0) refers to printf0.o(i._sputc) for _sputc
    printf0.o(i.__0vfprintf$0) refers to printf0.o(i._printf_core) for _printf_core
    printf0.o(i.__0vfprintf$0) refers to printf.o(.text) for fputc
    printf0.o(i.__0vprintf$0) refers to printf0.o(i._printf_core) for _printf_core
    printf0.o(i.__0vprintf$0) refers to printf.o(.text) for fputc
    printf0.o(i.__0vprintf$0) refers to stdout.o(.data) for __stdout
    printf0.o(i.__0vsnprintf$0) refers to printf0.o(i._printf_core) for _printf_core
    printf0.o(i.__0vsnprintf$0) refers to printf0.o(i._snputc) for _snputc
    printf0.o(i.__0vsprintf$0) refers to printf0.o(i._printf_core) for _printf_core
    printf0.o(i.__0vsprintf$0) refers to printf0.o(i._sputc) for _sputc
    printf1.o(i.__0fprintf$1) refers to printf1.o(i._printf_core) for _printf_core
    printf1.o(i.__0fprintf$1) refers to printf.o(.text) for fputc
    printf1.o(i.__0printf$1) refers to printf1.o(i._printf_core) for _printf_core
    printf1.o(i.__0printf$1) refers to printf.o(.text) for fputc
    printf1.o(i.__0printf$1) refers to stdout.o(.data) for __stdout
    printf1.o(i.__0snprintf$1) refers to printf1.o(i._printf_core) for _printf_core
    printf1.o(i.__0snprintf$1) refers to printf1.o(i._snputc) for _snputc
    printf1.o(i.__0sprintf$1) refers to printf1.o(i._printf_core) for _printf_core
    printf1.o(i.__0sprintf$1) refers to printf1.o(i._sputc) for _sputc
    printf1.o(i.__0vfprintf$1) refers to printf1.o(i._printf_core) for _printf_core
    printf1.o(i.__0vfprintf$1) refers to printf.o(.text) for fputc
    printf1.o(i.__0vprintf$1) refers to printf1.o(i._printf_core) for _printf_core
    printf1.o(i.__0vprintf$1) refers to printf.o(.text) for fputc
    printf1.o(i.__0vprintf$1) refers to stdout.o(.data) for __stdout
    printf1.o(i.__0vsnprintf$1) refers to printf1.o(i._printf_core) for _printf_core
    printf1.o(i.__0vsnprintf$1) refers to printf1.o(i._snputc) for _snputc
    printf1.o(i.__0vsprintf$1) refers to printf1.o(i._printf_core) for _printf_core
    printf1.o(i.__0vsprintf$1) refers to printf1.o(i._sputc) for _sputc
    printf1.o(i._printf_core) refers to uidiv.o(.text) for __aeabi_uidivmod
    printf2.o(i.__0fprintf$2) refers to printf2.o(i._printf_core) for _printf_core
    printf2.o(i.__0fprintf$2) refers to printf.o(.text) for fputc
    printf2.o(i.__0printf$2) refers to printf2.o(i._printf_core) for _printf_core
    printf2.o(i.__0printf$2) refers to printf.o(.text) for fputc
    printf2.o(i.__0printf$2) refers to stdout.o(.data) for __stdout
    printf2.o(i.__0snprintf$2) refers to printf2.o(i._printf_core) for _printf_core
    printf2.o(i.__0snprintf$2) refers to printf2.o(i._snputc) for _snputc
    printf2.o(i.__0sprintf$2) refers to printf2.o(i._printf_core) for _printf_core
    printf2.o(i.__0sprintf$2) refers to printf2.o(i._sputc) for _sputc
    printf2.o(i.__0vfprintf$2) refers to printf2.o(i._printf_core) for _printf_core
    printf2.o(i.__0vfprintf$2) refers to printf.o(.text) for fputc
    printf2.o(i.__0vprintf$2) refers to printf2.o(i._printf_core) for _printf_core
    printf2.o(i.__0vprintf$2) refers to printf.o(.text) for fputc
    printf2.o(i.__0vprintf$2) refers to stdout.o(.data) for __stdout
    printf2.o(i.__0vsnprintf$2) refers to printf2.o(i._printf_core) for _printf_core
    printf2.o(i.__0vsnprintf$2) refers to printf2.o(i._snputc) for _snputc
    printf2.o(i.__0vsprintf$2) refers to printf2.o(i._printf_core) for _printf_core
    printf2.o(i.__0vsprintf$2) refers to printf2.o(i._sputc) for _sputc
    printf3.o(i.__0fprintf$3) refers to printf3.o(i._printf_core) for _printf_core
    printf3.o(i.__0fprintf$3) refers to printf.o(.text) for fputc
    printf3.o(i.__0printf$3) refers to printf3.o(i._printf_core) for _printf_core
    printf3.o(i.__0printf$3) refers to printf.o(.text) for fputc
    printf3.o(i.__0printf$3) refers to stdout.o(.data) for __stdout
    printf3.o(i.__0snprintf$3) refers to printf3.o(i._printf_core) for _printf_core
    printf3.o(i.__0snprintf$3) refers to printf3.o(i._snputc) for _snputc
    printf3.o(i.__0sprintf$3) refers to printf3.o(i._printf_core) for _printf_core
    printf3.o(i.__0sprintf$3) refers to printf3.o(i._sputc) for _sputc
    printf3.o(i.__0vfprintf$3) refers to printf3.o(i._printf_core) for _printf_core
    printf3.o(i.__0vfprintf$3) refers to printf.o(.text) for fputc
    printf3.o(i.__0vprintf$3) refers to printf3.o(i._printf_core) for _printf_core
    printf3.o(i.__0vprintf$3) refers to printf.o(.text) for fputc
    printf3.o(i.__0vprintf$3) refers to stdout.o(.data) for __stdout
    printf3.o(i.__0vsnprintf$3) refers to printf3.o(i._printf_core) for _printf_core
    printf3.o(i.__0vsnprintf$3) refers to printf3.o(i._snputc) for _snputc
    printf3.o(i.__0vsprintf$3) refers to printf3.o(i._printf_core) for _printf_core
    printf3.o(i.__0vsprintf$3) refers to printf3.o(i._sputc) for _sputc
    printf3.o(i._printf_core) refers to uidiv.o(.text) for __aeabi_uidivmod
    printf4.o(i.__0fprintf$4) refers to printf4.o(i._printf_core) for _printf_core
    printf4.o(i.__0fprintf$4) refers to printf.o(.text) for fputc
    printf4.o(i.__0printf$4) refers to printf4.o(i._printf_core) for _printf_core
    printf4.o(i.__0printf$4) refers to printf.o(.text) for fputc
    printf4.o(i.__0printf$4) refers to stdout.o(.data) for __stdout
    printf4.o(i.__0snprintf$4) refers to printf4.o(i._printf_core) for _printf_core
    printf4.o(i.__0snprintf$4) refers to printf4.o(i._snputc) for _snputc
    printf4.o(i.__0sprintf$4) refers to printf4.o(i._printf_core) for _printf_core
    printf4.o(i.__0sprintf$4) refers to printf4.o(i._sputc) for _sputc
    printf4.o(i.__0vfprintf$4) refers to printf4.o(i._printf_core) for _printf_core
    printf4.o(i.__0vfprintf$4) refers to printf.o(.text) for fputc
    printf4.o(i.__0vprintf$4) refers to printf4.o(i._printf_core) for _printf_core
    printf4.o(i.__0vprintf$4) refers to printf.o(.text) for fputc
    printf4.o(i.__0vprintf$4) refers to stdout.o(.data) for __stdout
    printf4.o(i.__0vsnprintf$4) refers to printf4.o(i._printf_core) for _printf_core
    printf4.o(i.__0vsnprintf$4) refers to printf4.o(i._snputc) for _snputc
    printf4.o(i.__0vsprintf$4) refers to printf4.o(i._printf_core) for _printf_core
    printf4.o(i.__0vsprintf$4) refers to printf4.o(i._sputc) for _sputc
    printf4.o(i._printf_core) refers to uldiv.o(.text) for __aeabi_uldivmod
    printf5.o(i.__0fprintf$5) refers to printf5.o(i._printf_core) for _printf_core
    printf5.o(i.__0fprintf$5) refers to printf.o(.text) for fputc
    printf5.o(i.__0printf$5) refers to printf5.o(i._printf_core) for _printf_core
    printf5.o(i.__0printf$5) refers to printf.o(.text) for fputc
    printf5.o(i.__0printf$5) refers to stdout.o(.data) for __stdout
    printf5.o(i.__0snprintf$5) refers to printf5.o(i._printf_core) for _printf_core
    printf5.o(i.__0snprintf$5) refers to printf5.o(i._snputc) for _snputc
    printf5.o(i.__0sprintf$5) refers to printf5.o(i._printf_core) for _printf_core
    printf5.o(i.__0sprintf$5) refers to printf5.o(i._sputc) for _sputc
    printf5.o(i.__0vfprintf$5) refers to printf5.o(i._printf_core) for _printf_core
    printf5.o(i.__0vfprintf$5) refers to printf.o(.text) for fputc
    printf5.o(i.__0vprintf$5) refers to printf5.o(i._printf_core) for _printf_core
    printf5.o(i.__0vprintf$5) refers to printf.o(.text) for fputc
    printf5.o(i.__0vprintf$5) refers to stdout.o(.data) for __stdout
    printf5.o(i.__0vsnprintf$5) refers to printf5.o(i._printf_core) for _printf_core
    printf5.o(i.__0vsnprintf$5) refers to printf5.o(i._snputc) for _snputc
    printf5.o(i.__0vsprintf$5) refers to printf5.o(i._printf_core) for _printf_core
    printf5.o(i.__0vsprintf$5) refers to printf5.o(i._sputc) for _sputc
    printf5.o(i._printf_core) refers to uldiv.o(.text) for __aeabi_uldivmod
    printf6.o(i.__0fprintf$6) refers to printf6.o(i._printf_core) for _printf_core
    printf6.o(i.__0fprintf$6) refers to printf.o(.text) for fputc
    printf6.o(i.__0printf$6) refers to printf6.o(i._printf_core) for _printf_core
    printf6.o(i.__0printf$6) refers to printf.o(.text) for fputc
    printf6.o(i.__0printf$6) refers to stdout.o(.data) for __stdout
    printf6.o(i.__0snprintf$6) refers to printf6.o(i._printf_core) for _printf_core
    printf6.o(i.__0snprintf$6) refers to printf6.o(i._snputc) for _snputc
    printf6.o(i.__0sprintf$6) refers to printf6.o(i._printf_core) for _printf_core
    printf6.o(i.__0sprintf$6) refers to printf6.o(i._sputc) for _sputc
    printf6.o(i.__0vfprintf$6) refers to printf6.o(i._printf_core) for _printf_core
    printf6.o(i.__0vfprintf$6) refers to printf.o(.text) for fputc
    printf6.o(i.__0vprintf$6) refers to printf6.o(i._printf_core) for _printf_core
    printf6.o(i.__0vprintf$6) refers to printf.o(.text) for fputc
    printf6.o(i.__0vprintf$6) refers to stdout.o(.data) for __stdout
    printf6.o(i.__0vsnprintf$6) refers to printf6.o(i._printf_core) for _printf_core
    printf6.o(i.__0vsnprintf$6) refers to printf6.o(i._snputc) for _snputc
    printf6.o(i.__0vsprintf$6) refers to printf6.o(i._printf_core) for _printf_core
    printf6.o(i.__0vsprintf$6) refers to printf6.o(i._sputc) for _sputc
    printf6.o(i._printf_core) refers to printf6.o(i._printf_pre_padding) for _printf_pre_padding
    printf6.o(i._printf_core) refers to uidiv.o(.text) for __aeabi_uidivmod
    printf6.o(i._printf_core) refers to printf6.o(i._printf_post_padding) for _printf_post_padding
    printf7.o(i.__0fprintf$7) refers to printf7.o(i._printf_core) for _printf_core
    printf7.o(i.__0fprintf$7) refers to printf.o(.text) for fputc
    printf7.o(i.__0printf$7) refers to printf7.o(i._printf_core) for _printf_core
    printf7.o(i.__0printf$7) refers to printf.o(.text) for fputc
    printf7.o(i.__0printf$7) refers to stdout.o(.data) for __stdout
    printf7.o(i.__0snprintf$7) refers to printf7.o(i._printf_core) for _printf_core
    printf7.o(i.__0snprintf$7) refers to printf7.o(i._snputc) for _snputc
    printf7.o(i.__0sprintf$7) refers to printf7.o(i._printf_core) for _printf_core
    printf7.o(i.__0sprintf$7) refers to printf7.o(i._sputc) for _sputc
    printf7.o(i.__0vfprintf$7) refers to printf7.o(i._printf_core) for _printf_core
    printf7.o(i.__0vfprintf$7) refers to printf.o(.text) for fputc
    printf7.o(i.__0vprintf$7) refers to printf7.o(i._printf_core) for _printf_core
    printf7.o(i.__0vprintf$7) refers to printf.o(.text) for fputc
    printf7.o(i.__0vprintf$7) refers to stdout.o(.data) for __stdout
    printf7.o(i.__0vsnprintf$7) refers to printf7.o(i._printf_core) for _printf_core
    printf7.o(i.__0vsnprintf$7) refers to printf7.o(i._snputc) for _snputc
    printf7.o(i.__0vsprintf$7) refers to printf7.o(i._printf_core) for _printf_core
    printf7.o(i.__0vsprintf$7) refers to printf7.o(i._sputc) for _sputc
    printf7.o(i._printf_core) refers to printf7.o(i._printf_pre_padding) for _printf_pre_padding
    printf7.o(i._printf_core) refers to uldiv.o(.text) for __aeabi_uldivmod
    printf7.o(i._printf_core) refers to printf7.o(i._printf_post_padding) for _printf_post_padding
    printf8.o(i.__0fprintf$8) refers to printf8.o(i._printf_core) for _printf_core
    printf8.o(i.__0fprintf$8) refers to printf.o(.text) for fputc
    printf8.o(i.__0printf$8) refers to printf8.o(i._printf_core) for _printf_core
    printf8.o(i.__0printf$8) refers to printf.o(.text) for fputc
    printf8.o(i.__0printf$8) refers to stdout.o(.data) for __stdout
    printf8.o(i.__0snprintf$8) refers to printf8.o(i._printf_core) for _printf_core
    printf8.o(i.__0snprintf$8) refers to printf8.o(i._snputc) for _snputc
    printf8.o(i.__0sprintf$8) refers to printf8.o(i._printf_core) for _printf_core
    printf8.o(i.__0sprintf$8) refers to printf8.o(i._sputc) for _sputc
    printf8.o(i.__0vfprintf$8) refers to printf8.o(i._printf_core) for _printf_core
    printf8.o(i.__0vfprintf$8) refers to printf.o(.text) for fputc
    printf8.o(i.__0vprintf$8) refers to printf8.o(i._printf_core) for _printf_core
    printf8.o(i.__0vprintf$8) refers to printf.o(.text) for fputc
    printf8.o(i.__0vprintf$8) refers to stdout.o(.data) for __stdout
    printf8.o(i.__0vsnprintf$8) refers to printf8.o(i._printf_core) for _printf_core
    printf8.o(i.__0vsnprintf$8) refers to printf8.o(i._snputc) for _snputc
    printf8.o(i.__0vsprintf$8) refers to printf8.o(i._printf_core) for _printf_core
    printf8.o(i.__0vsprintf$8) refers to printf8.o(i._sputc) for _sputc
    printf8.o(i._printf_core) refers to printf8.o(i._printf_pre_padding) for _printf_pre_padding
    printf8.o(i._printf_core) refers to uldiv.o(.text) for __aeabi_uldivmod
    printf8.o(i._printf_core) refers to printf8.o(i._printf_post_padding) for _printf_post_padding
    printfa.o(i.__0fprintf) refers (Special) to iusefp.o(.text) for __I$use$fp
    printfa.o(i.__0fprintf) refers to printfa.o(i._printf_core) for _printf_core
    printfa.o(i.__0fprintf) refers to printf.o(.text) for fputc
    printfa.o(i.__0printf) refers (Special) to iusefp.o(.text) for __I$use$fp
    printfa.o(i.__0printf) refers to printfa.o(i._printf_core) for _printf_core
    printfa.o(i.__0printf) refers to printf.o(.text) for fputc
    printfa.o(i.__0printf) refers to stdout.o(.data) for __stdout
    printfa.o(i.__0snprintf) refers (Special) to iusefp.o(.text) for __I$use$fp
    printfa.o(i.__0snprintf) refers to printfa.o(i._printf_core) for _printf_core
    printfa.o(i.__0snprintf) refers to printfa.o(i._snputc) for _snputc
    printfa.o(i.__0sprintf) refers (Special) to iusefp.o(.text) for __I$use$fp
    printfa.o(i.__0sprintf) refers to printfa.o(i._printf_core) for _printf_core
    printfa.o(i.__0sprintf) refers to printfa.o(i._sputc) for _sputc
    printfa.o(i.__0vfprintf) refers (Special) to iusefp.o(.text) for __I$use$fp
    printfa.o(i.__0vfprintf) refers to printfa.o(i._printf_core) for _printf_core
    printfa.o(i.__0vfprintf) refers to printf.o(.text) for fputc
    printfa.o(i.__0vprintf) refers (Special) to iusefp.o(.text) for __I$use$fp
    printfa.o(i.__0vprintf) refers to printfa.o(i._printf_core) for _printf_core
    printfa.o(i.__0vprintf) refers to printf.o(.text) for fputc
    printfa.o(i.__0vprintf) refers to stdout.o(.data) for __stdout
    printfa.o(i.__0vsnprintf) refers (Special) to iusefp.o(.text) for __I$use$fp
    printfa.o(i.__0vsnprintf) refers to printfa.o(i._printf_core) for _printf_core
    printfa.o(i.__0vsnprintf) refers to printfa.o(i._snputc) for _snputc
    printfa.o(i.__0vsprintf) refers (Special) to iusefp.o(.text) for __I$use$fp
    printfa.o(i.__0vsprintf) refers to printfa.o(i._printf_core) for _printf_core
    printfa.o(i.__0vsprintf) refers to printfa.o(i._sputc) for _sputc
    printfa.o(i._fp_digits) refers (Special) to iusefp.o(.text) for __I$use$fp
    printfa.o(i._fp_digits) refers to dmul.o(.text) for __aeabi_dmul
    printfa.o(i._fp_digits) refers to ddiv.o(.text) for __aeabi_ddiv
    printfa.o(i._fp_digits) refers to cdrcmple.o(.text) for __aeabi_cdrcmple
    printfa.o(i._fp_digits) refers to dadd.o(.text) for __aeabi_dadd
    printfa.o(i._fp_digits) refers to dfixul.o(.text) for __aeabi_d2ulz
    printfa.o(i._fp_digits) refers to uldiv.o(.text) for __aeabi_uldivmod
    printfa.o(i._printf_core) refers (Special) to iusefp.o(.text) for __I$use$fp
    printfa.o(i._printf_core) refers to printfa.o(i._printf_pre_padding) for _printf_pre_padding
    printfa.o(i._printf_core) refers to uldiv.o(.text) for __aeabi_uldivmod
    printfa.o(i._printf_core) refers to printfa.o(i._printf_post_padding) for _printf_post_padding
    printfa.o(i._printf_core) refers to printfa.o(i._fp_digits) for _fp_digits
    printfa.o(i._printf_core) refers to uidiv.o(.text) for __aeabi_uidivmod
    printfa.o(i._printf_post_padding) refers (Special) to iusefp.o(.text) for __I$use$fp
    printfa.o(i._printf_pre_padding) refers (Special) to iusefp.o(.text) for __I$use$fp
    printfa.o(i._snputc) refers (Special) to iusefp.o(.text) for __I$use$fp
    printfa.o(i._sputc) refers (Special) to iusefp.o(.text) for __I$use$fp
    fdiv.o(.text) refers (Special) to iusefp.o(.text) for __I$use$fp
    fdiv.o(.text) refers to fepilogue.o(.text) for _float_round
    dmul.o(.text) refers (Special) to iusefp.o(.text) for __I$use$fp
    dmul.o(.text) refers to depilogue.o(.text) for _double_epilogue
    ffltui.o(.text) refers (Special) to iusefp.o(.text) for __I$use$fp
    ffltui.o(.text) refers to fepilogue.o(.text) for _float_epilogue
    f2d.o(.text) refers (Special) to iusefp.o(.text) for __I$use$fp
    d2f.o(.text) refers (Special) to iusefp.o(.text) for __I$use$fp
    d2f.o(.text) refers to fepilogue.o(.text) for _float_round
    entry2.o(.ARM.Collect$$$$00000001) refers to entry2.o(.ARM.Collect$$$$00002712) for __lit__00000000
    entry2.o(.ARM.Collect$$$$00002712) refers to startup_stm32f10x_hd.o(STACK) for __initial_sp
    entry2.o(__vectab_stack_and_reset_area) refers to startup_stm32f10x_hd.o(STACK) for __initial_sp
    entry2.o(__vectab_stack_and_reset_area) refers to entry.o(.ARM.Collect$$$$00000000) for __main
    entry5.o(.ARM.Collect$$$$00000004) refers to init.o(.text) for __scatterload
    entry9a.o(.ARM.Collect$$$$0000000B) refers to main.o(.text) for main
    entry9b.o(.ARM.Collect$$$$0000000C) refers to main.o(.text) for main
    uldiv.o(.text) refers to llushr.o(.text) for __aeabi_llsr
    uldiv.o(.text) refers to llshl.o(.text) for __aeabi_llsl
    depilogue.o(.text) refers to llshl.o(.text) for __aeabi_llsl
    depilogue.o(.text) refers to llushr.o(.text) for __aeabi_llsr
    dadd.o(.text) refers to llshl.o(.text) for __aeabi_llsl
    dadd.o(.text) refers to llsshr.o(.text) for __aeabi_lasr
    dadd.o(.text) refers to depilogue.o(.text) for _double_epilogue
    ddiv.o(.text) refers to depilogue.o(.text) for _double_round
    dfixul.o(.text) refers to llushr.o(.text) for __aeabi_llsr
    dfixul.o(.text) refers to llshl.o(.text) for __aeabi_llsl
    init.o(.text) refers to entry5.o(.ARM.Collect$$$$00000004) for __main_after_scatterload


==============================================================================

Removing Unused input sections from the image.

    Removing main.o(.bss), (18 bytes).
    Removing public.o(.bss), (10 bytes).
    Removing core_cm3.o(.emb_text), (32 bytes).
    Removing startup_stm32f10x_hd.o(HEAP), (512 bytes).
    Removing stm32f10x_exti.o(.text), (284 bytes).
    Removing stm32f10x_spi.o(.text), (780 bytes).
    Removing relay.o(.text), (204 bytes).

7 unused section(s) (total 1840 bytes) removed from the image.

==============================================================================

Image Symbol Table

    Local Symbols

    Symbol Name                              Value     Ov Type        Size  Object(Section)

    ../clib/microlib/division.c              0x00000000   Number         0  uldiv.o ABSOLUTE
    ../clib/microlib/division.c              0x00000000   Number         0  uidiv.o ABSOLUTE
    ../clib/microlib/init/entry.s            0x00000000   Number         0  entry5.o ABSOLUTE
    ../clib/microlib/init/entry.s            0x00000000   Number         0  entry10a.o ABSOLUTE
    ../clib/microlib/init/entry.s            0x00000000   Number         0  entry.o ABSOLUTE
    ../clib/microlib/init/entry.s            0x00000000   Number         0  entry10b.o ABSOLUTE
    ../clib/microlib/init/entry.s            0x00000000   Number         0  entry8a.o ABSOLUTE
    ../clib/microlib/init/entry.s            0x00000000   Number         0  entry2.o ABSOLUTE
    ../clib/microlib/init/entry.s            0x00000000   Number         0  entry11a.o ABSOLUTE
    ../clib/microlib/init/entry.s            0x00000000   Number         0  entry11b.o ABSOLUTE
    ../clib/microlib/init/entry.s            0x00000000   Number         0  entry9b.o ABSOLUTE
    ../clib/microlib/init/entry.s            0x00000000   Number         0  entry9a.o ABSOLUTE
    ../clib/microlib/init/entry.s            0x00000000   Number         0  entry8b.o ABSOLUTE
    ../clib/microlib/init/entry.s            0x00000000   Number         0  entry7b.o ABSOLUTE
    ../clib/microlib/init/entry.s            0x00000000   Number         0  entry7a.o ABSOLUTE
    ../clib/microlib/longlong.c              0x00000000   Number         0  llsshr.o ABSOLUTE
    ../clib/microlib/longlong.c              0x00000000   Number         0  llushr.o ABSOLUTE
    ../clib/microlib/longlong.c              0x00000000   Number         0  llshl.o ABSOLUTE
    ../clib/microlib/printf/printf.c         0x00000000   Number         0  printf5.o ABSOLUTE
    ../clib/microlib/printf/printf.c         0x00000000   Number         0  printf4.o ABSOLUTE
    ../clib/microlib/printf/printf.c         0x00000000   Number         0  printf3.o ABSOLUTE
    ../clib/microlib/printf/printf.c         0x00000000   Number         0  printf1.o ABSOLUTE
    ../clib/microlib/printf/printf.c         0x00000000   Number         0  printf0.o ABSOLUTE
    ../clib/microlib/printf/printf.c         0x00000000   Number         0  printfb.o ABSOLUTE
    ../clib/microlib/printf/printf.c         0x00000000   Number         0  printfa.o ABSOLUTE
    ../clib/microlib/printf/printf.c         0x00000000   Number         0  printf8.o ABSOLUTE
    ../clib/microlib/printf/printf.c         0x00000000   Number         0  printf7.o ABSOLUTE
    ../clib/microlib/printf/printf.c         0x00000000   Number         0  printf2.o ABSOLUTE
    ../clib/microlib/printf/printf.c         0x00000000   Number         0  printf6.o ABSOLUTE
    ../clib/microlib/printf/stubs.s          0x00000000   Number         0  stubs.o ABSOLUTE
    ../clib/microlib/stdio/streams.c         0x00000000   Number         0  stdout.o ABSOLUTE
    ../clib/microlib/stubs.s                 0x00000000   Number         0  iusefp.o ABSOLUTE
    ../fplib/microlib/d2f.c                  0x00000000   Number         0  d2f.o ABSOLUTE
    ../fplib/microlib/f2d.c                  0x00000000   Number         0  f2d.o ABSOLUTE
    ../fplib/microlib/fpadd.c                0x00000000   Number         0  dadd.o ABSOLUTE
    ../fplib/microlib/fpdiv.c                0x00000000   Number         0  ddiv.o ABSOLUTE
    ../fplib/microlib/fpdiv.c                0x00000000   Number         0  fdiv.o ABSOLUTE
    ../fplib/microlib/fpepilogue.c           0x00000000   Number         0  fepilogue.o ABSOLUTE
    ../fplib/microlib/fpepilogue.c           0x00000000   Number         0  depilogue.o ABSOLUTE
    ../fplib/microlib/fpfix.c                0x00000000   Number         0  dfixul.o ABSOLUTE
    ../fplib/microlib/fpflt.c                0x00000000   Number         0  ffltui.o ABSOLUTE
    ../fplib/microlib/fpmul.c                0x00000000   Number         0  dmul.o ABSOLUTE
    APP\ADC\adc.c                            0x00000000   Number         0  adc.o ABSOLUTE
    APP\LED\LED.c                            0x00000000   Number         0  led.o ABSOLUTE
    APP\SysTick\systick.c                    0x00000000   Number         0  systick.o ABSOLUTE
    APP\Timer\time.c                         0x00000000   Number         0  time.o ABSOLUTE
    APP\printf\printf.c                      0x00000000   Number         0  printf.o ABSOLUTE
    APP\relay\relay.c                        0x00000000   Number         0  relay.o ABSOLUTE
    Libraries\CMSIS\CM3\CoreSupport\core_cm3.c 0x00000000   Number         0  core_cm3.o ABSOLUTE
    Libraries\CMSIS\CM3\DeviceSupport\ST\STM32F10x\system_stm32f10x.c 0x00000000   Number         0  system_stm32f10x.o ABSOLUTE
    Libraries\STM32F10x_StdPeriph_Driver\src\misc.c 0x00000000   Number         0  misc.o ABSOLUTE
    Libraries\STM32F10x_StdPeriph_Driver\src\stm32f10x_adc.c 0x00000000   Number         0  stm32f10x_adc.o ABSOLUTE
    Libraries\STM32F10x_StdPeriph_Driver\src\stm32f10x_dma.c 0x00000000   Number         0  stm32f10x_dma.o ABSOLUTE
    Libraries\STM32F10x_StdPeriph_Driver\src\stm32f10x_exti.c 0x00000000   Number         0  stm32f10x_exti.o ABSOLUTE
    Libraries\STM32F10x_StdPeriph_Driver\src\stm32f10x_gpio.c 0x00000000   Number         0  stm32f10x_gpio.o ABSOLUTE
    Libraries\STM32F10x_StdPeriph_Driver\src\stm32f10x_rcc.c 0x00000000   Number         0  stm32f10x_rcc.o ABSOLUTE
    Libraries\STM32F10x_StdPeriph_Driver\src\stm32f10x_spi.c 0x00000000   Number         0  stm32f10x_spi.o ABSOLUTE
    Libraries\STM32F10x_StdPeriph_Driver\src\stm32f10x_tim.c 0x00000000   Number         0  stm32f10x_tim.o ABSOLUTE
    Libraries\STM32F10x_StdPeriph_Driver\src\stm32f10x_usart.c 0x00000000   Number         0  stm32f10x_usart.o ABSOLUTE
    Libraries\\CMSIS\\CM3\\CoreSupport\\core_cm3.c 0x00000000   Number         0  core_cm3.o ABSOLUTE
    cdrcmple.s                               0x00000000   Number         0  cdrcmple.o ABSOLUTE
    dc.s                                     0x00000000   Number         0  dc.o ABSOLUTE
    handlers.s                               0x00000000   Number         0  handlers.o ABSOLUTE
    init.s                                   0x00000000   Number         0  init.o ABSOLUTE
    startup\startup_stm32f10x_hd.s           0x00000000   Number         0  startup_stm32f10x_hd.o ABSOLUTE
    user\main.c                              0x00000000   Number         0  main.o ABSOLUTE
    user\public.c                            0x00000000   Number         0  public.o ABSOLUTE
    user\stm32f10x_it.c                      0x00000000   Number         0  stm32f10x_it.o ABSOLUTE
    RESET                                    0x08000000   Section      304  startup_stm32f10x_hd.o(RESET)
    .ARM.Collect$$$$00000000                 0x08000130   Section        0  entry.o(.ARM.Collect$$$$00000000)
    .ARM.Collect$$$$00000001                 0x08000130   Section        4  entry2.o(.ARM.Collect$$$$00000001)
    .ARM.Collect$$$$00000004                 0x08000134   Section        4  entry5.o(.ARM.Collect$$$$00000004)
    .ARM.Collect$$$$00000008                 0x08000138   Section        0  entry7b.o(.ARM.Collect$$$$00000008)
    .ARM.Collect$$$$0000000A                 0x08000138   Section        0  entry8b.o(.ARM.Collect$$$$0000000A)
    .ARM.Collect$$$$0000000B                 0x08000138   Section        8  entry9a.o(.ARM.Collect$$$$0000000B)
    .ARM.Collect$$$$0000000D                 0x08000140   Section        0  entry10a.o(.ARM.Collect$$$$0000000D)
    .ARM.Collect$$$$0000000F                 0x08000140   Section        0  entry11a.o(.ARM.Collect$$$$0000000F)
    .ARM.Collect$$$$00002712                 0x08000140   Section        4  entry2.o(.ARM.Collect$$$$00002712)
    __lit__00000000                          0x08000140   Data           4  entry2.o(.ARM.Collect$$$$00002712)
    .text                                    0x08000144   Section        0  stm32f10x_it.o(.text)
    .text                                    0x08000188   Section        0  main.o(.text)
    .text                                    0x0800034c   Section        0  public.o(.text)
    .text                                    0x080003b8   Section        0  system_stm32f10x.o(.text)
    SetSysClockTo72                          0x080003b9   Thumb Code   214  system_stm32f10x.o(.text)
    SetSysClock                              0x0800048f   Thumb Code     8  system_stm32f10x.o(.text)
    .text                                    0x08000598   Section       36  startup_stm32f10x_hd.o(.text)
    .text                                    0x080005bc   Section        0  stm32f10x_gpio.o(.text)
    .text                                    0x08000918   Section        0  stm32f10x_rcc.o(.text)
    .text                                    0x08000cbc   Section        0  stm32f10x_usart.o(.text)
    .text                                    0x080010c4   Section        0  misc.o(.text)
    .text                                    0x080011a0   Section        0  stm32f10x_tim.o(.text)
    TI4_Config                               0x08001647   Thumb Code   130  stm32f10x_tim.o(.text)
    TI3_Config                               0x080016db   Thumb Code   122  stm32f10x_tim.o(.text)
    TI2_Config                               0x0800176f   Thumb Code   130  stm32f10x_tim.o(.text)
    TI1_Config                               0x08001803   Thumb Code   108  stm32f10x_tim.o(.text)
    .text                                    0x08001fbc   Section        0  stm32f10x_adc.o(.text)
    .text                                    0x0800240c   Section        0  stm32f10x_dma.o(.text)
    .text                                    0x08002660   Section        0  systick.o(.text)
    .text                                    0x080026e8   Section        0  printf.o(.text)
    Comand_Rx                                0x08002a15   Thumb Code   102  printf.o(.text)
    IP_pack_Rx                               0x08002a7b   Thumb Code   162  printf.o(.text)
    .text                                    0x08002c9c   Section        0  time.o(.text)
    .text                                    0x08002d04   Section        0  led.o(.text)
    .text                                    0x08002d6c   Section        0  adc.o(.text)
    ADC1_GPIO_Config                         0x08002d6d   Thumb Code    42  adc.o(.text)
    ADC1_Mode_Config                         0x08002d97   Thumb Code   210  adc.o(.text)
    .text                                    0x08002e84   Section        0  fdiv.o(.text)
    .text                                    0x08002f00   Section        0  dmul.o(.text)
    .text                                    0x08002fe4   Section        0  ffltui.o(.text)
    .text                                    0x08002fee   Section        0  f2d.o(.text)
    .text                                    0x08003014   Section        0  d2f.o(.text)
    .text                                    0x0800304c   Section        0  uidiv.o(.text)
    .text                                    0x08003078   Section        0  uldiv.o(.text)
    .text                                    0x080030da   Section        0  fepilogue.o(.text)
    .text                                    0x080030da   Section        0  iusefp.o(.text)
    .text                                    0x08003148   Section        0  depilogue.o(.text)
    .text                                    0x08003202   Section        0  dadd.o(.text)
    .text                                    0x08003350   Section        0  ddiv.o(.text)
    .text                                    0x0800342e   Section        0  dfixul.o(.text)
    .text                                    0x08003460   Section       48  cdrcmple.o(.text)
    .text                                    0x08003490   Section       36  init.o(.text)
    .text                                    0x080034b4   Section        0  llshl.o(.text)
    .text                                    0x080034d2   Section        0  llushr.o(.text)
    .text                                    0x080034f2   Section        0  llsshr.o(.text)
    i.__0printf                              0x08003518   Section        0  printfa.o(i.__0printf)
    i.__0sprintf                             0x08003538   Section        0  printfa.o(i.__0sprintf)
    i.__scatterload_copy                     0x08003560   Section       14  handlers.o(i.__scatterload_copy)
    i.__scatterload_null                     0x0800356e   Section        2  handlers.o(i.__scatterload_null)
    i.__scatterload_zeroinit                 0x08003570   Section       14  handlers.o(i.__scatterload_zeroinit)
    i._fp_digits                             0x08003580   Section        0  printfa.o(i._fp_digits)
    _fp_digits                               0x08003581   Thumb Code   334  printfa.o(i._fp_digits)
    i._printf_core                           0x080036e4   Section        0  printfa.o(i._printf_core)
    _printf_core                             0x080036e5   Thumb Code  1744  printfa.o(i._printf_core)
    i._printf_post_padding                   0x08003dc0   Section        0  printfa.o(i._printf_post_padding)
    _printf_post_padding                     0x08003dc1   Thumb Code    36  printfa.o(i._printf_post_padding)
    i._printf_pre_padding                    0x08003de4   Section        0  printfa.o(i._printf_pre_padding)
    _printf_pre_padding                      0x08003de5   Thumb Code    46  printfa.o(i._printf_pre_padding)
    i._sputc                                 0x08003e12   Section        0  printfa.o(i._sputc)
    _sputc                                   0x08003e13   Thumb Code    10  printfa.o(i._sputc)
    .data                                    0x20000000   Section      106  main.o(.data)
    .data                                    0x2000006c   Section       16  public.o(.data)
    .data                                    0x2000007c   Section       20  system_stm32f10x.o(.data)
    .data                                    0x20000090   Section       20  stm32f10x_rcc.o(.data)
    APBAHBPrescTable                         0x20000090   Data          16  stm32f10x_rcc.o(.data)
    ADCPrescTable                            0x200000a0   Data           4  stm32f10x_rcc.o(.data)
    .data                                    0x200000a4   Section       13  printf.o(.data)
    Uart3Cnt                                 0x200000b0   Data           1  printf.o(.data)
    .data                                    0x200000b2   Section        2  adc.o(.data)
    .data                                    0x200000b4   Section        4  stdout.o(.data)
    .bss                                     0x200000b8   Section       49  printf.o(.bss)
    STACK                                    0x200000f0   Section     1024  startup_stm32f10x_hd.o(STACK)

    Global Symbols

    Symbol Name                              Value     Ov Type        Size  Object(Section)

    BuildAttributes$$THM_ISAv4$P$D$K$B$S$PE$A:L22UL41UL21$X:L11$S22US41US21$IEEE1$IW$USESV6$~STKCKD$USESV7$~SHL$OTIME$ROPI$EBA8$MICROLIB$REQ8$PRES8$EABIv2 0x00000000   Number         0  anon$$obj.o ABSOLUTE
    __ARM_use_no_argv                        0x00000000   Number         0  main.o ABSOLUTE
    _printf_a                                0x00000000   Number         0  stubs.o ABSOLUTE
    _printf_c                                0x00000000   Number         0  stubs.o ABSOLUTE
    _printf_charcount                        0x00000000   Number         0  stubs.o ABSOLUTE
    _printf_d                                0x00000000   Number         0  stubs.o ABSOLUTE
    _printf_e                                0x00000000   Number         0  stubs.o ABSOLUTE
    _printf_f                                0x00000000   Number         0  stubs.o ABSOLUTE
    _printf_flags                            0x00000000   Number         0  stubs.o ABSOLUTE
    _printf_fp_dec                           0x00000000   Number         0  stubs.o ABSOLUTE
    _printf_fp_hex                           0x00000000   Number         0  stubs.o ABSOLUTE
    _printf_g                                0x00000000   Number         0  stubs.o ABSOLUTE
    _printf_i                                0x00000000   Number         0  stubs.o ABSOLUTE
    _printf_int_dec                          0x00000000   Number         0  stubs.o ABSOLUTE
    _printf_l                                0x00000000   Number         0  stubs.o ABSOLUTE
    _printf_lc                               0x00000000   Number         0  stubs.o ABSOLUTE
    _printf_ll                               0x00000000   Number         0  stubs.o ABSOLUTE
    _printf_lld                              0x00000000   Number         0  stubs.o ABSOLUTE
    _printf_lli                              0x00000000   Number         0  stubs.o ABSOLUTE
    _printf_llo                              0x00000000   Number         0  stubs.o ABSOLUTE
    _printf_llu                              0x00000000   Number         0  stubs.o ABSOLUTE
    _printf_llx                              0x00000000   Number         0  stubs.o ABSOLUTE
    _printf_longlong_dec                     0x00000000   Number         0  stubs.o ABSOLUTE
    _printf_longlong_hex                     0x00000000   Number         0  stubs.o ABSOLUTE
    _printf_longlong_oct                     0x00000000   Number         0  stubs.o ABSOLUTE
    _printf_ls                               0x00000000   Number         0  stubs.o ABSOLUTE
    _printf_mbtowc                           0x00000000   Number         0  stubs.o ABSOLUTE
    _printf_n                                0x00000000   Number         0  stubs.o ABSOLUTE
    _printf_o                                0x00000000   Number         0  stubs.o ABSOLUTE
    _printf_p                                0x00000000   Number         0  stubs.o ABSOLUTE
    _printf_percent                          0x00000000   Number         0  stubs.o ABSOLUTE
    _printf_pre_padding                      0x00000000   Number         0  stubs.o ABSOLUTE
    _printf_return_value                     0x00000000   Number         0  stubs.o ABSOLUTE
    _printf_s                                0x00000000   Number         0  stubs.o ABSOLUTE
    _printf_sizespec                         0x00000000   Number         0  stubs.o ABSOLUTE
    _printf_str                              0x00000000   Number         0  stubs.o ABSOLUTE
    _printf_truncate_signed                  0x00000000   Number         0  stubs.o ABSOLUTE
    _printf_truncate_unsigned                0x00000000   Number         0  stubs.o ABSOLUTE
    _printf_u                                0x00000000   Number         0  stubs.o ABSOLUTE
    _printf_wc                               0x00000000   Number         0  stubs.o ABSOLUTE
    _printf_wctomb                           0x00000000   Number         0  stubs.o ABSOLUTE
    _printf_widthprec                        0x00000000   Number         0  stubs.o ABSOLUTE
    _printf_x                                0x00000000   Number         0  stubs.o ABSOLUTE
    __cpp_initialize__aeabi_                  - Undefined Weak Reference
    __cxa_finalize                            - Undefined Weak Reference
    __decompress                              - Undefined Weak Reference
    _clock_init                               - Undefined Weak Reference
    _microlib_exit                            - Undefined Weak Reference
    __Vectors_Size                           0x00000130   Number         0  startup_stm32f10x_hd.o ABSOLUTE
    __Vectors                                0x08000000   Data           4  startup_stm32f10x_hd.o(RESET)
    __Vectors_End                            0x08000130   Data           0  startup_stm32f10x_hd.o(RESET)
    __main                                   0x08000131   Thumb Code     0  entry.o(.ARM.Collect$$$$00000000)
    _main_stk                                0x08000131   Thumb Code     0  entry2.o(.ARM.Collect$$$$00000001)
    _main_scatterload                        0x08000135   Thumb Code     0  entry5.o(.ARM.Collect$$$$00000004)
    __main_after_scatterload                 0x08000139   Thumb Code     0  entry5.o(.ARM.Collect$$$$00000004)
    _main_clock                              0x08000139   Thumb Code     0  entry7b.o(.ARM.Collect$$$$00000008)
    _main_cpp_init                           0x08000139   Thumb Code     0  entry8b.o(.ARM.Collect$$$$0000000A)
    _main_init                               0x08000139   Thumb Code     0  entry9a.o(.ARM.Collect$$$$0000000B)
    __rt_final_cpp                           0x08000141   Thumb Code     0  entry10a.o(.ARM.Collect$$$$0000000D)
    __rt_final_exit                          0x08000141   Thumb Code     0  entry11a.o(.ARM.Collect$$$$0000000F)
    NMI_Handler                              0x08000145   Thumb Code     2  stm32f10x_it.o(.text)
    HardFault_Handler                        0x08000147   Thumb Code     4  stm32f10x_it.o(.text)
    EXTI2_IRQHandler                         0x0800014b   Thumb Code     2  stm32f10x_it.o(.text)
    TIM3_IRQHandler                          0x0800014d   Thumb Code    12  stm32f10x_it.o(.text)
    USART1_IRQHandler                        0x08000159   Thumb Code     8  stm32f10x_it.o(.text)
    USART2_IRQHandler                        0x08000161   Thumb Code     8  stm32f10x_it.o(.text)
    USART3_IRQHandler                        0x08000169   Thumb Code     8  stm32f10x_it.o(.text)
    MemManage_Handler                        0x08000171   Thumb Code     4  stm32f10x_it.o(.text)
    BusFault_Handler                         0x08000175   Thumb Code     4  stm32f10x_it.o(.text)
    UsageFault_Handler                       0x08000179   Thumb Code     4  stm32f10x_it.o(.text)
    SVC_Handler                              0x0800017d   Thumb Code     2  stm32f10x_it.o(.text)
    DebugMon_Handler                         0x0800017f   Thumb Code     2  stm32f10x_it.o(.text)
    PendSV_Handler                           0x08000181   Thumb Code     2  stm32f10x_it.o(.text)
    SysTick_Handler                          0x08000183   Thumb Code     2  stm32f10x_it.o(.text)
    main                                     0x08000189   Thumb Code   292  main.o(.text)
    Base_INI                                 0x0800034d   Thumb Code    44  public.o(.text)
    HexToString                              0x08000379   Thumb Code    56  public.o(.text)
    SystemInit                               0x08000497   Thumb Code    78  system_stm32f10x.o(.text)
    SystemCoreClockUpdate                    0x080004e5   Thumb Code   142  system_stm32f10x.o(.text)
    Reset_Handler                            0x08000599   Thumb Code     8  startup_stm32f10x_hd.o(.text)
    ADC1_2_IRQHandler                        0x080005b3   Thumb Code     0  startup_stm32f10x_hd.o(.text)
    ADC3_IRQHandler                          0x080005b3   Thumb Code     0  startup_stm32f10x_hd.o(.text)
    CAN1_RX1_IRQHandler                      0x080005b3   Thumb Code     0  startup_stm32f10x_hd.o(.text)
    CAN1_SCE_IRQHandler                      0x080005b3   Thumb Code     0  startup_stm32f10x_hd.o(.text)
    DMA1_Channel1_IRQHandler                 0x080005b3   Thumb Code     0  startup_stm32f10x_hd.o(.text)
    DMA1_Channel2_IRQHandler                 0x080005b3   Thumb Code     0  startup_stm32f10x_hd.o(.text)
    DMA1_Channel3_IRQHandler                 0x080005b3   Thumb Code     0  startup_stm32f10x_hd.o(.text)
    DMA1_Channel4_IRQHandler                 0x080005b3   Thumb Code     0  startup_stm32f10x_hd.o(.text)
    DMA1_Channel5_IRQHandler                 0x080005b3   Thumb Code     0  startup_stm32f10x_hd.o(.text)
    DMA1_Channel6_IRQHandler                 0x080005b3   Thumb Code     0  startup_stm32f10x_hd.o(.text)
    DMA1_Channel7_IRQHandler                 0x080005b3   Thumb Code     0  startup_stm32f10x_hd.o(.text)
    DMA2_Channel1_IRQHandler                 0x080005b3   Thumb Code     0  startup_stm32f10x_hd.o(.text)
    DMA2_Channel2_IRQHandler                 0x080005b3   Thumb Code     0  startup_stm32f10x_hd.o(.text)
    DMA2_Channel3_IRQHandler                 0x080005b3   Thumb Code     0  startup_stm32f10x_hd.o(.text)
    DMA2_Channel4_5_IRQHandler               0x080005b3   Thumb Code     0  startup_stm32f10x_hd.o(.text)
    EXTI0_IRQHandler                         0x080005b3   Thumb Code     0  startup_stm32f10x_hd.o(.text)
    EXTI15_10_IRQHandler                     0x080005b3   Thumb Code     0  startup_stm32f10x_hd.o(.text)
    EXTI1_IRQHandler                         0x080005b3   Thumb Code     0  startup_stm32f10x_hd.o(.text)
    EXTI3_IRQHandler                         0x080005b3   Thumb Code     0  startup_stm32f10x_hd.o(.text)
    EXTI4_IRQHandler                         0x080005b3   Thumb Code     0  startup_stm32f10x_hd.o(.text)
    EXTI9_5_IRQHandler                       0x080005b3   Thumb Code     0  startup_stm32f10x_hd.o(.text)
    FLASH_IRQHandler                         0x080005b3   Thumb Code     0  startup_stm32f10x_hd.o(.text)
    FSMC_IRQHandler                          0x080005b3   Thumb Code     0  startup_stm32f10x_hd.o(.text)
    I2C1_ER_IRQHandler                       0x080005b3   Thumb Code     0  startup_stm32f10x_hd.o(.text)
    I2C1_EV_IRQHandler                       0x080005b3   Thumb Code     0  startup_stm32f10x_hd.o(.text)
    I2C2_ER_IRQHandler                       0x080005b3   Thumb Code     0  startup_stm32f10x_hd.o(.text)
    I2C2_EV_IRQHandler                       0x080005b3   Thumb Code     0  startup_stm32f10x_hd.o(.text)
    PVD_IRQHandler                           0x080005b3   Thumb Code     0  startup_stm32f10x_hd.o(.text)
    RCC_IRQHandler                           0x080005b3   Thumb Code     0  startup_stm32f10x_hd.o(.text)
    RTCAlarm_IRQHandler                      0x080005b3   Thumb Code     0  startup_stm32f10x_hd.o(.text)
    RTC_IRQHandler                           0x080005b3   Thumb Code     0  startup_stm32f10x_hd.o(.text)
    SDIO_IRQHandler                          0x080005b3   Thumb Code     0  startup_stm32f10x_hd.o(.text)
    SPI1_IRQHandler                          0x080005b3   Thumb Code     0  startup_stm32f10x_hd.o(.text)
    SPI2_IRQHandler                          0x080005b3   Thumb Code     0  startup_stm32f10x_hd.o(.text)
    SPI3_IRQHandler                          0x080005b3   Thumb Code     0  startup_stm32f10x_hd.o(.text)
    TAMPER_IRQHandler                        0x080005b3   Thumb Code     0  startup_stm32f10x_hd.o(.text)
    TIM1_BRK_IRQHandler                      0x080005b3   Thumb Code     0  startup_stm32f10x_hd.o(.text)
    TIM1_CC_IRQHandler                       0x080005b3   Thumb Code     0  startup_stm32f10x_hd.o(.text)
    TIM1_TRG_COM_IRQHandler                  0x080005b3   Thumb Code     0  startup_stm32f10x_hd.o(.text)
    TIM1_UP_IRQHandler                       0x080005b3   Thumb Code     0  startup_stm32f10x_hd.o(.text)
    TIM2_IRQHandler                          0x080005b3   Thumb Code     0  startup_stm32f10x_hd.o(.text)
    TIM4_IRQHandler                          0x080005b3   Thumb Code     0  startup_stm32f10x_hd.o(.text)
    TIM5_IRQHandler                          0x080005b3   Thumb Code     0  startup_stm32f10x_hd.o(.text)
    TIM6_IRQHandler                          0x080005b3   Thumb Code     0  startup_stm32f10x_hd.o(.text)
    TIM7_IRQHandler                          0x080005b3   Thumb Code     0  startup_stm32f10x_hd.o(.text)
    TIM8_BRK_IRQHandler                      0x080005b3   Thumb Code     0  startup_stm32f10x_hd.o(.text)
    TIM8_CC_IRQHandler                       0x080005b3   Thumb Code     0  startup_stm32f10x_hd.o(.text)
    TIM8_TRG_COM_IRQHandler                  0x080005b3   Thumb Code     0  startup_stm32f10x_hd.o(.text)
    TIM8_UP_IRQHandler                       0x080005b3   Thumb Code     0  startup_stm32f10x_hd.o(.text)
    UART4_IRQHandler                         0x080005b3   Thumb Code     0  startup_stm32f10x_hd.o(.text)
    UART5_IRQHandler                         0x080005b3   Thumb Code     0  startup_stm32f10x_hd.o(.text)
    USBWakeUp_IRQHandler                     0x080005b3   Thumb Code     0  startup_stm32f10x_hd.o(.text)
    USB_HP_CAN1_TX_IRQHandler                0x080005b3   Thumb Code     0  startup_stm32f10x_hd.o(.text)
    USB_LP_CAN1_RX0_IRQHandler               0x080005b3   Thumb Code     0  startup_stm32f10x_hd.o(.text)
    WWDG_IRQHandler                          0x080005b3   Thumb Code     0  startup_stm32f10x_hd.o(.text)
    GPIO_DeInit                              0x080005bd   Thumb Code   172  stm32f10x_gpio.o(.text)
    GPIO_AFIODeInit                          0x08000669   Thumb Code    20  stm32f10x_gpio.o(.text)
    GPIO_Init                                0x0800067d   Thumb Code   278  stm32f10x_gpio.o(.text)
    GPIO_StructInit                          0x08000793   Thumb Code    16  stm32f10x_gpio.o(.text)
    GPIO_ReadInputDataBit                    0x080007a3   Thumb Code    18  stm32f10x_gpio.o(.text)
    GPIO_ReadInputData                       0x080007b5   Thumb Code     8  stm32f10x_gpio.o(.text)
    GPIO_ReadOutputDataBit                   0x080007bd   Thumb Code    18  stm32f10x_gpio.o(.text)
    GPIO_ReadOutputData                      0x080007cf   Thumb Code     8  stm32f10x_gpio.o(.text)
    GPIO_SetBits                             0x080007d7   Thumb Code     4  stm32f10x_gpio.o(.text)
    GPIO_ResetBits                           0x080007db   Thumb Code     4  stm32f10x_gpio.o(.text)
    GPIO_WriteBit                            0x080007df   Thumb Code    10  stm32f10x_gpio.o(.text)
    GPIO_Write                               0x080007e9   Thumb Code     4  stm32f10x_gpio.o(.text)
    GPIO_PinLockConfig                       0x080007ed   Thumb Code    18  stm32f10x_gpio.o(.text)
    GPIO_EventOutputConfig                   0x080007ff   Thumb Code    26  stm32f10x_gpio.o(.text)
    GPIO_EventOutputCmd                      0x08000819   Thumb Code     6  stm32f10x_gpio.o(.text)
    GPIO_PinRemapConfig                      0x0800081f   Thumb Code   138  stm32f10x_gpio.o(.text)
    GPIO_EXTILineConfig                      0x080008a9   Thumb Code    66  stm32f10x_gpio.o(.text)
    GPIO_ETH_MediaInterfaceConfig            0x080008eb   Thumb Code     8  stm32f10x_gpio.o(.text)
    RCC_DeInit                               0x08000919   Thumb Code    64  stm32f10x_rcc.o(.text)
    RCC_HSEConfig                            0x08000959   Thumb Code    70  stm32f10x_rcc.o(.text)
    RCC_GetFlagStatus                        0x0800099f   Thumb Code    56  stm32f10x_rcc.o(.text)
    RCC_WaitForHSEStartUp                    0x080009d7   Thumb Code    56  stm32f10x_rcc.o(.text)
    RCC_AdjustHSICalibrationValue            0x08000a0f   Thumb Code    20  stm32f10x_rcc.o(.text)
    RCC_HSICmd                               0x08000a23   Thumb Code     6  stm32f10x_rcc.o(.text)
    RCC_PLLConfig                            0x08000a29   Thumb Code    24  stm32f10x_rcc.o(.text)
    RCC_PLLCmd                               0x08000a41   Thumb Code     6  stm32f10x_rcc.o(.text)
    RCC_SYSCLKConfig                         0x08000a47   Thumb Code    18  stm32f10x_rcc.o(.text)
    RCC_GetSYSCLKSource                      0x08000a59   Thumb Code    10  stm32f10x_rcc.o(.text)
    RCC_HCLKConfig                           0x08000a63   Thumb Code    18  stm32f10x_rcc.o(.text)
    RCC_PCLK1Config                          0x08000a75   Thumb Code    18  stm32f10x_rcc.o(.text)
    RCC_PCLK2Config                          0x08000a87   Thumb Code    20  stm32f10x_rcc.o(.text)
    RCC_ITConfig                             0x08000a9b   Thumb Code    26  stm32f10x_rcc.o(.text)
    RCC_USBCLKConfig                         0x08000ab5   Thumb Code     8  stm32f10x_rcc.o(.text)
    RCC_ADCCLKConfig                         0x08000abd   Thumb Code    18  stm32f10x_rcc.o(.text)
    RCC_LSEConfig                            0x08000acf   Thumb Code    50  stm32f10x_rcc.o(.text)
    RCC_LSICmd                               0x08000b01   Thumb Code     6  stm32f10x_rcc.o(.text)
    RCC_RTCCLKConfig                         0x08000b07   Thumb Code    12  stm32f10x_rcc.o(.text)
    RCC_RTCCLKCmd                            0x08000b13   Thumb Code     8  stm32f10x_rcc.o(.text)
    RCC_GetClocksFreq                        0x08000b1b   Thumb Code   192  stm32f10x_rcc.o(.text)
    RCC_AHBPeriphClockCmd                    0x08000bdb   Thumb Code    26  stm32f10x_rcc.o(.text)
    RCC_APB2PeriphClockCmd                   0x08000bf5   Thumb Code    26  stm32f10x_rcc.o(.text)
    RCC_APB1PeriphClockCmd                   0x08000c0f   Thumb Code    26  stm32f10x_rcc.o(.text)
    RCC_APB2PeriphResetCmd                   0x08000c29   Thumb Code    26  stm32f10x_rcc.o(.text)
    RCC_APB1PeriphResetCmd                   0x08000c43   Thumb Code    26  stm32f10x_rcc.o(.text)
    RCC_BackupResetCmd                       0x08000c5d   Thumb Code     8  stm32f10x_rcc.o(.text)
    RCC_ClockSecuritySystemCmd               0x08000c65   Thumb Code     6  stm32f10x_rcc.o(.text)
    RCC_MCOConfig                            0x08000c6b   Thumb Code     6  stm32f10x_rcc.o(.text)
    RCC_ClearFlag                            0x08000c71   Thumb Code    14  stm32f10x_rcc.o(.text)
    RCC_GetITStatus                          0x08000c7f   Thumb Code    20  stm32f10x_rcc.o(.text)
    RCC_ClearITPendingBit                    0x08000c93   Thumb Code     6  stm32f10x_rcc.o(.text)
    USART_DeInit                             0x08000cbd   Thumb Code   134  stm32f10x_usart.o(.text)
    USART_Init                               0x08000d43   Thumb Code   210  stm32f10x_usart.o(.text)
    USART_StructInit                         0x08000e15   Thumb Code    24  stm32f10x_usart.o(.text)
    USART_ClockInit                          0x08000e2d   Thumb Code    34  stm32f10x_usart.o(.text)
    USART_ClockStructInit                    0x08000e4f   Thumb Code    12  stm32f10x_usart.o(.text)
    USART_Cmd                                0x08000e5b   Thumb Code    24  stm32f10x_usart.o(.text)
    USART_ITConfig                           0x08000e73   Thumb Code    74  stm32f10x_usart.o(.text)
    USART_DMACmd                             0x08000ebd   Thumb Code    18  stm32f10x_usart.o(.text)
    USART_SetAddress                         0x08000ecf   Thumb Code    18  stm32f10x_usart.o(.text)
    USART_WakeUpConfig                       0x08000ee1   Thumb Code    18  stm32f10x_usart.o(.text)
    USART_ReceiverWakeUpCmd                  0x08000ef3   Thumb Code    24  stm32f10x_usart.o(.text)
    USART_LINBreakDetectLengthConfig         0x08000f0b   Thumb Code    18  stm32f10x_usart.o(.text)
    USART_LINCmd                             0x08000f1d   Thumb Code    24  stm32f10x_usart.o(.text)
    USART_SendData                           0x08000f35   Thumb Code     8  stm32f10x_usart.o(.text)
    USART_ReceiveData                        0x08000f3d   Thumb Code    10  stm32f10x_usart.o(.text)
    USART_SendBreak                          0x08000f47   Thumb Code    10  stm32f10x_usart.o(.text)
    USART_SetGuardTime                       0x08000f51   Thumb Code    16  stm32f10x_usart.o(.text)
    USART_SetPrescaler                       0x08000f61   Thumb Code    16  stm32f10x_usart.o(.text)
    USART_SmartCardCmd                       0x08000f71   Thumb Code    24  stm32f10x_usart.o(.text)
    USART_SmartCardNACKCmd                   0x08000f89   Thumb Code    24  stm32f10x_usart.o(.text)
    USART_HalfDuplexCmd                      0x08000fa1   Thumb Code    24  stm32f10x_usart.o(.text)
    USART_OverSampling8Cmd                   0x08000fb9   Thumb Code    22  stm32f10x_usart.o(.text)
    USART_OneBitMethodCmd                    0x08000fcf   Thumb Code    24  stm32f10x_usart.o(.text)
    USART_IrDAConfig                         0x08000fe7   Thumb Code    18  stm32f10x_usart.o(.text)
    USART_IrDACmd                            0x08000ff9   Thumb Code    24  stm32f10x_usart.o(.text)
    USART_GetFlagStatus                      0x08001011   Thumb Code    26  stm32f10x_usart.o(.text)
    USART_ClearFlag                          0x0800102b   Thumb Code    18  stm32f10x_usart.o(.text)
    USART_GetITStatus                        0x0800103d   Thumb Code    84  stm32f10x_usart.o(.text)
    USART_ClearITPendingBit                  0x08001091   Thumb Code    52  stm32f10x_usart.o(.text)
    NVIC_PriorityGroupConfig                 0x080010c5   Thumb Code    10  misc.o(.text)
    NVIC_Init                                0x080010cf   Thumb Code   100  misc.o(.text)
    NVIC_SetVectorTable                      0x08001133   Thumb Code    14  misc.o(.text)
    NVIC_SystemLPConfig                      0x08001141   Thumb Code    34  misc.o(.text)
    SysTick_CLKSourceConfig                  0x08001163   Thumb Code    40  misc.o(.text)
    TIM_DeInit                               0x080011a1   Thumb Code   424  stm32f10x_tim.o(.text)
    TIM_TimeBaseInit                         0x08001349   Thumb Code   122  stm32f10x_tim.o(.text)
    TIM_OC1Init                              0x080013c3   Thumb Code   132  stm32f10x_tim.o(.text)
    TIM_OC2Init                              0x08001447   Thumb Code   154  stm32f10x_tim.o(.text)
    TIM_OC3Init                              0x080014e1   Thumb Code   150  stm32f10x_tim.o(.text)
    TIM_OC4Init                              0x08001577   Thumb Code   182  stm32f10x_tim.o(.text)
    TIM_SetIC4Prescaler                      0x0800162d   Thumb Code    26  stm32f10x_tim.o(.text)
    TIM_SetIC3Prescaler                      0x080016c9   Thumb Code    18  stm32f10x_tim.o(.text)
    TIM_SetIC2Prescaler                      0x08001755   Thumb Code    26  stm32f10x_tim.o(.text)
    TIM_SetIC1Prescaler                      0x080017f1   Thumb Code    18  stm32f10x_tim.o(.text)
    TIM_ICInit                               0x0800186f   Thumb Code   150  stm32f10x_tim.o(.text)
    TIM_PWMIConfig                           0x08001905   Thumb Code   124  stm32f10x_tim.o(.text)
    TIM_BDTRConfig                           0x08001981   Thumb Code    32  stm32f10x_tim.o(.text)
    TIM_TimeBaseStructInit                   0x080019a1   Thumb Code    18  stm32f10x_tim.o(.text)
    TIM_OCStructInit                         0x080019b3   Thumb Code    20  stm32f10x_tim.o(.text)
    TIM_ICStructInit                         0x080019c7   Thumb Code    18  stm32f10x_tim.o(.text)
    TIM_BDTRStructInit                       0x080019d9   Thumb Code    40  stm32f10x_tim.o(.text)
    TIM_Cmd                                  0x08001a01   Thumb Code    24  stm32f10x_tim.o(.text)
    TIM_CtrlPWMOutputs                       0x08001a19   Thumb Code    30  stm32f10x_tim.o(.text)
    TIM_ITConfig                             0x08001a37   Thumb Code    18  stm32f10x_tim.o(.text)
    TIM_GenerateEvent                        0x08001a49   Thumb Code     4  stm32f10x_tim.o(.text)
    TIM_DMAConfig                            0x08001a4d   Thumb Code    10  stm32f10x_tim.o(.text)
    TIM_DMACmd                               0x08001a57   Thumb Code    18  stm32f10x_tim.o(.text)
    TIM_InternalClockConfig                  0x08001a69   Thumb Code    12  stm32f10x_tim.o(.text)
    TIM_SelectInputTrigger                   0x08001a75   Thumb Code    18  stm32f10x_tim.o(.text)
    TIM_ITRxExternalClockConfig              0x08001a87   Thumb Code    24  stm32f10x_tim.o(.text)
    TIM_TIxExternalClockConfig               0x08001a9f   Thumb Code    62  stm32f10x_tim.o(.text)
    TIM_ETRConfig                            0x08001add   Thumb Code    28  stm32f10x_tim.o(.text)
    TIM_ETRClockMode1Config                  0x08001af9   Thumb Code    54  stm32f10x_tim.o(.text)
    TIM_ETRClockMode2Config                  0x08001b2f   Thumb Code    32  stm32f10x_tim.o(.text)
    TIM_PrescalerConfig                      0x08001b4f   Thumb Code     6  stm32f10x_tim.o(.text)
    TIM_CounterModeConfig                    0x08001b55   Thumb Code    18  stm32f10x_tim.o(.text)
    TIM_EncoderInterfaceConfig               0x08001b67   Thumb Code    66  stm32f10x_tim.o(.text)
    TIM_ForcedOC1Config                      0x08001ba9   Thumb Code    18  stm32f10x_tim.o(.text)
    TIM_ForcedOC2Config                      0x08001bbb   Thumb Code    26  stm32f10x_tim.o(.text)
    TIM_ForcedOC3Config                      0x08001bd5   Thumb Code    18  stm32f10x_tim.o(.text)
    TIM_ForcedOC4Config                      0x08001be7   Thumb Code    26  stm32f10x_tim.o(.text)
    TIM_ARRPreloadConfig                     0x08001c01   Thumb Code    24  stm32f10x_tim.o(.text)
    TIM_SelectCOM                            0x08001c19   Thumb Code    24  stm32f10x_tim.o(.text)
    TIM_SelectCCDMA                          0x08001c31   Thumb Code    24  stm32f10x_tim.o(.text)
    TIM_CCPreloadControl                     0x08001c49   Thumb Code    24  stm32f10x_tim.o(.text)
    TIM_OC1PreloadConfig                     0x08001c61   Thumb Code    18  stm32f10x_tim.o(.text)
    TIM_OC2PreloadConfig                     0x08001c73   Thumb Code    26  stm32f10x_tim.o(.text)
    TIM_OC3PreloadConfig                     0x08001c8d   Thumb Code    18  stm32f10x_tim.o(.text)
    TIM_OC4PreloadConfig                     0x08001c9f   Thumb Code    26  stm32f10x_tim.o(.text)
    TIM_OC1FastConfig                        0x08001cb9   Thumb Code    18  stm32f10x_tim.o(.text)
    TIM_OC2FastConfig                        0x08001ccb   Thumb Code    26  stm32f10x_tim.o(.text)
    TIM_OC3FastConfig                        0x08001ce5   Thumb Code    18  stm32f10x_tim.o(.text)
    TIM_OC4FastConfig                        0x08001cf7   Thumb Code    26  stm32f10x_tim.o(.text)
    TIM_ClearOC1Ref                          0x08001d11   Thumb Code    18  stm32f10x_tim.o(.text)
    TIM_ClearOC2Ref                          0x08001d23   Thumb Code    24  stm32f10x_tim.o(.text)
    TIM_ClearOC3Ref                          0x08001d3b   Thumb Code    18  stm32f10x_tim.o(.text)
    TIM_ClearOC4Ref                          0x08001d4d   Thumb Code    24  stm32f10x_tim.o(.text)
    TIM_OC1PolarityConfig                    0x08001d65   Thumb Code    18  stm32f10x_tim.o(.text)
    TIM_OC1NPolarityConfig                   0x08001d77   Thumb Code    18  stm32f10x_tim.o(.text)
    TIM_OC2PolarityConfig                    0x08001d89   Thumb Code    26  stm32f10x_tim.o(.text)
    TIM_OC2NPolarityConfig                   0x08001da3   Thumb Code    26  stm32f10x_tim.o(.text)
    TIM_OC3PolarityConfig                    0x08001dbd   Thumb Code    26  stm32f10x_tim.o(.text)
    TIM_OC3NPolarityConfig                   0x08001dd7   Thumb Code    26  stm32f10x_tim.o(.text)
    TIM_OC4PolarityConfig                    0x08001df1   Thumb Code    26  stm32f10x_tim.o(.text)
    TIM_CCxCmd                               0x08001e0b   Thumb Code    30  stm32f10x_tim.o(.text)
    TIM_CCxNCmd                              0x08001e29   Thumb Code    30  stm32f10x_tim.o(.text)
    TIM_SelectOCxM                           0x08001e47   Thumb Code    82  stm32f10x_tim.o(.text)
    TIM_UpdateDisableConfig                  0x08001e99   Thumb Code    24  stm32f10x_tim.o(.text)
    TIM_UpdateRequestConfig                  0x08001eb1   Thumb Code    24  stm32f10x_tim.o(.text)
    TIM_SelectHallSensor                     0x08001ec9   Thumb Code    24  stm32f10x_tim.o(.text)
    TIM_SelectOnePulseMode                   0x08001ee1   Thumb Code    18  stm32f10x_tim.o(.text)
    TIM_SelectOutputTrigger                  0x08001ef3   Thumb Code    18  stm32f10x_tim.o(.text)
    TIM_SelectSlaveMode                      0x08001f05   Thumb Code    18  stm32f10x_tim.o(.text)
    TIM_SelectMasterSlaveMode                0x08001f17   Thumb Code    18  stm32f10x_tim.o(.text)
    TIM_SetCounter                           0x08001f29   Thumb Code     4  stm32f10x_tim.o(.text)
    TIM_SetAutoreload                        0x08001f2d   Thumb Code     4  stm32f10x_tim.o(.text)
    TIM_SetCompare1                          0x08001f31   Thumb Code     4  stm32f10x_tim.o(.text)
    TIM_SetCompare2                          0x08001f35   Thumb Code     4  stm32f10x_tim.o(.text)
    TIM_SetCompare3                          0x08001f39   Thumb Code     4  stm32f10x_tim.o(.text)
    TIM_SetCompare4                          0x08001f3d   Thumb Code     6  stm32f10x_tim.o(.text)
    TIM_SetClockDivision                     0x08001f43   Thumb Code    18  stm32f10x_tim.o(.text)
    TIM_GetCapture1                          0x08001f55   Thumb Code     6  stm32f10x_tim.o(.text)
    TIM_GetCapture2                          0x08001f5b   Thumb Code     6  stm32f10x_tim.o(.text)
    TIM_GetCapture3                          0x08001f61   Thumb Code     6  stm32f10x_tim.o(.text)
    TIM_GetCapture4                          0x08001f67   Thumb Code     8  stm32f10x_tim.o(.text)
    TIM_GetCounter                           0x08001f6f   Thumb Code     6  stm32f10x_tim.o(.text)
    TIM_GetPrescaler                         0x08001f75   Thumb Code     6  stm32f10x_tim.o(.text)
    TIM_GetFlagStatus                        0x08001f7b   Thumb Code    18  stm32f10x_tim.o(.text)
    TIM_ClearFlag                            0x08001f8d   Thumb Code     6  stm32f10x_tim.o(.text)
    TIM_GetITStatus                          0x08001f93   Thumb Code    34  stm32f10x_tim.o(.text)
    TIM_ClearITPendingBit                    0x08001fb5   Thumb Code     6  stm32f10x_tim.o(.text)
    ADC_DeInit                               0x08001fbd   Thumb Code    78  stm32f10x_adc.o(.text)
    ADC_Init                                 0x0800200b   Thumb Code    70  stm32f10x_adc.o(.text)
    ADC_StructInit                           0x08002051   Thumb Code    18  stm32f10x_adc.o(.text)
    ADC_Cmd                                  0x08002063   Thumb Code    22  stm32f10x_adc.o(.text)
    ADC_DMACmd                               0x08002079   Thumb Code    22  stm32f10x_adc.o(.text)
    ADC_ITConfig                             0x0800208f   Thumb Code    24  stm32f10x_adc.o(.text)
    ADC_ResetCalibration                     0x080020a7   Thumb Code    10  stm32f10x_adc.o(.text)
    ADC_GetResetCalibrationStatus            0x080020b1   Thumb Code    20  stm32f10x_adc.o(.text)
    ADC_StartCalibration                     0x080020c5   Thumb Code    10  stm32f10x_adc.o(.text)
    ADC_GetCalibrationStatus                 0x080020cf   Thumb Code    20  stm32f10x_adc.o(.text)
    ADC_SoftwareStartConvCmd                 0x080020e3   Thumb Code    22  stm32f10x_adc.o(.text)
    ADC_GetSoftwareStartConvStatus           0x080020f9   Thumb Code    20  stm32f10x_adc.o(.text)
    ADC_DiscModeChannelCountConfig           0x0800210d   Thumb Code    24  stm32f10x_adc.o(.text)
    ADC_DiscModeCmd                          0x08002125   Thumb Code    22  stm32f10x_adc.o(.text)
    ADC_RegularChannelConfig                 0x0800213b   Thumb Code   184  stm32f10x_adc.o(.text)
    ADC_ExternalTrigConvCmd                  0x080021f3   Thumb Code    22  stm32f10x_adc.o(.text)
    ADC_GetConversionValue                   0x08002209   Thumb Code     8  stm32f10x_adc.o(.text)
    ADC_GetDualModeConversionValue           0x08002211   Thumb Code     8  stm32f10x_adc.o(.text)
    ADC_AutoInjectedConvCmd                  0x08002219   Thumb Code    22  stm32f10x_adc.o(.text)
    ADC_InjectedDiscModeCmd                  0x0800222f   Thumb Code    22  stm32f10x_adc.o(.text)
    ADC_ExternalTrigInjectedConvConfig       0x08002245   Thumb Code    16  stm32f10x_adc.o(.text)
    ADC_ExternalTrigInjectedConvCmd          0x08002255   Thumb Code    22  stm32f10x_adc.o(.text)
    ADC_SoftwareStartInjectedConvCmd         0x0800226b   Thumb Code    22  stm32f10x_adc.o(.text)
    ADC_GetSoftwareStartInjectedConvCmdStatus 0x08002281   Thumb Code    20  stm32f10x_adc.o(.text)
    ADC_InjectedChannelConfig                0x08002295   Thumb Code   130  stm32f10x_adc.o(.text)
    ADC_InjectedSequencerLengthConfig        0x08002317   Thumb Code    24  stm32f10x_adc.o(.text)
    ADC_SetInjectedOffset                    0x0800232f   Thumb Code    20  stm32f10x_adc.o(.text)
    ADC_GetInjectedConversionValue           0x08002343   Thumb Code    28  stm32f10x_adc.o(.text)
    ADC_AnalogWatchdogCmd                    0x0800235f   Thumb Code    16  stm32f10x_adc.o(.text)
    ADC_AnalogWatchdogThresholdsConfig       0x0800236f   Thumb Code     6  stm32f10x_adc.o(.text)
    ADC_AnalogWatchdogSingleChannelConfig    0x08002375   Thumb Code    16  stm32f10x_adc.o(.text)
    ADC_TempSensorVrefintCmd                 0x08002385   Thumb Code    64  stm32f10x_adc.o(.text)
    ADC_GetFlagStatus                        0x080023c5   Thumb Code    18  stm32f10x_adc.o(.text)
    ADC_ClearFlag                            0x080023d7   Thumb Code     6  stm32f10x_adc.o(.text)
    ADC_GetITStatus                          0x080023dd   Thumb Code    36  stm32f10x_adc.o(.text)
    ADC_ClearITPendingBit                    0x08002401   Thumb Code    10  stm32f10x_adc.o(.text)
    DMA_DeInit                               0x0800240d   Thumb Code   324  stm32f10x_dma.o(.text)
    DMA_Init                                 0x08002551   Thumb Code    60  stm32f10x_dma.o(.text)
    DMA_StructInit                           0x0800258d   Thumb Code    26  stm32f10x_dma.o(.text)
    DMA_Cmd                                  0x080025a7   Thumb Code    24  stm32f10x_dma.o(.text)
    DMA_ITConfig                             0x080025bf   Thumb Code    18  stm32f10x_dma.o(.text)
    DMA_SetCurrDataCounter                   0x080025d1   Thumb Code     4  stm32f10x_dma.o(.text)
    DMA_GetCurrDataCounter                   0x080025d5   Thumb Code     8  stm32f10x_dma.o(.text)
    DMA_GetFlagStatus                        0x080025dd   Thumb Code    40  stm32f10x_dma.o(.text)
    DMA_ClearFlag                            0x08002605   Thumb Code    22  stm32f10x_dma.o(.text)
    DMA_GetITStatus                          0x0800261b   Thumb Code    40  stm32f10x_dma.o(.text)
    DMA_ClearITPendingBit                    0x08002643   Thumb Code    22  stm32f10x_dma.o(.text)
    delay_us                                 0x08002661   Thumb Code    54  systick.o(.text)
    delay_ms                                 0x08002697   Thumb Code    56  systick.o(.text)
    delay_s                                  0x080026cf   Thumb Code    26  systick.o(.text)
    fputc                                    0x080026e9   Thumb Code    32  printf.o(.text)
    USART1_INI                               0x08002709   Thumb Code   168  printf.o(.text)
    USART2_INI                               0x080027b1   Thumb Code   156  printf.o(.text)
    USART3_INI                               0x0800284d   Thumb Code   166  printf.o(.text)
    USART1_Send_Char                         0x080028f3   Thumb Code    28  printf.o(.text)
    USART1_Send_Char_Buff                    0x0800290f   Thumb Code    24  printf.o(.text)
    USART2_Send_Char                         0x08002927   Thumb Code    28  printf.o(.text)
    USART2_Send_Char_Buff                    0x08002943   Thumb Code    24  printf.o(.text)
    USART3_Send_Char                         0x0800295b   Thumb Code    28  printf.o(.text)
    USART3_Send_Char_Buff                    0x08002977   Thumb Code    24  printf.o(.text)
    My_USART3_IRQHandler                     0x0800298f   Thumb Code   134  printf.o(.text)
    My_USART1_IRQHandler                     0x08002b1d   Thumb Code    60  printf.o(.text)
    My_USART2_IRQHandler                     0x08002b59   Thumb Code   280  printf.o(.text)
    time_init                                0x08002c9d   Thumb Code   100  time.o(.text)
    GPIO_initial                             0x08002d05   Thumb Code    94  led.o(.text)
    ADC1_Init                                0x08002e69   Thumb Code    12  adc.o(.text)
    __aeabi_fdiv                             0x08002e85   Thumb Code   124  fdiv.o(.text)
    __aeabi_dmul                             0x08002f01   Thumb Code   228  dmul.o(.text)
    __aeabi_ui2f                             0x08002fe5   Thumb Code    10  ffltui.o(.text)
    __aeabi_f2d                              0x08002fef   Thumb Code    38  f2d.o(.text)
    __aeabi_d2f                              0x08003015   Thumb Code    56  d2f.o(.text)
    __aeabi_uidiv                            0x0800304d   Thumb Code     0  uidiv.o(.text)
    __aeabi_uidivmod                         0x0800304d   Thumb Code    44  uidiv.o(.text)
    __aeabi_uldivmod                         0x08003079   Thumb Code    98  uldiv.o(.text)
    __I$use$fp                               0x080030db   Thumb Code     0  iusefp.o(.text)
    _float_round                             0x080030db   Thumb Code    18  fepilogue.o(.text)
    _float_epilogue                          0x080030ed   Thumb Code    92  fepilogue.o(.text)
    _double_round                            0x08003149   Thumb Code    30  depilogue.o(.text)
    _double_epilogue                         0x08003167   Thumb Code   156  depilogue.o(.text)
    __aeabi_dadd                             0x08003203   Thumb Code   322  dadd.o(.text)
    __aeabi_dsub                             0x08003345   Thumb Code     6  dadd.o(.text)
    __aeabi_drsub                            0x0800334b   Thumb Code     6  dadd.o(.text)
    __aeabi_ddiv                             0x08003351   Thumb Code   222  ddiv.o(.text)
    __aeabi_d2ulz                            0x0800342f   Thumb Code    48  dfixul.o(.text)
    __aeabi_cdrcmple                         0x08003461   Thumb Code    48  cdrcmple.o(.text)
    __scatterload                            0x08003491   Thumb Code    28  init.o(.text)
    __scatterload_rt2                        0x08003491   Thumb Code     0  init.o(.text)
    __aeabi_llsl                             0x080034b5   Thumb Code    30  llshl.o(.text)
    _ll_shift_l                              0x080034b5   Thumb Code     0  llshl.o(.text)
    __aeabi_llsr                             0x080034d3   Thumb Code    32  llushr.o(.text)
    _ll_ushift_r                             0x080034d3   Thumb Code     0  llushr.o(.text)
    __aeabi_lasr                             0x080034f3   Thumb Code    36  llsshr.o(.text)
    _ll_sshift_r                             0x080034f3   Thumb Code     0  llsshr.o(.text)
    __0printf                                0x08003519   Thumb Code    22  printfa.o(i.__0printf)
    __1printf                                0x08003519   Thumb Code     0  printfa.o(i.__0printf)
    __2printf                                0x08003519   Thumb Code     0  printfa.o(i.__0printf)
    __c89printf                              0x08003519   Thumb Code     0  printfa.o(i.__0printf)
    printf                                   0x08003519   Thumb Code     0  printfa.o(i.__0printf)
    __0sprintf                               0x08003539   Thumb Code    34  printfa.o(i.__0sprintf)
    __1sprintf                               0x08003539   Thumb Code     0  printfa.o(i.__0sprintf)
    __2sprintf                               0x08003539   Thumb Code     0  printfa.o(i.__0sprintf)
    __c89sprintf                             0x08003539   Thumb Code     0  printfa.o(i.__0sprintf)
    sprintf                                  0x08003539   Thumb Code     0  printfa.o(i.__0sprintf)
    __scatterload_copy                       0x08003561   Thumb Code    14  handlers.o(i.__scatterload_copy)
    __scatterload_null                       0x0800356f   Thumb Code     2  handlers.o(i.__scatterload_null)
    __scatterload_zeroinit                   0x08003571   Thumb Code    14  handlers.o(i.__scatterload_zeroinit)
    Region$$Table$$Base                      0x08003e1c   Number         0  anon$$obj.o(Region$$Table)
    Region$$Table$$Limit                     0x08003e3c   Number         0  anon$$obj.o(Region$$Table)
    ADC_ConvertedValueLocal                  0x20000000   Data           4  main.o(.data)
    gl_IOstate1                              0x20000004   Data           1  main.o(.data)
    gl_IOstate2                              0x20000005   Data           1  main.o(.data)
    MyTxt                                    0x20000006   Data         100  main.o(.data)
    Flag_HMICMD                              0x2000006c   Data           4  public.o(.data)
    Flag_UART1                               0x20000070   Data           4  public.o(.data)
    flagHMI                                  0x20000074   Data           1  public.o(.data)
    FlagTaskHMI                              0x20000075   Data           1  public.o(.data)
    flag_YN                                  0x20000078   Data           4  public.o(.data)
    SystemCoreClock                          0x2000007c   Data           4  system_stm32f10x.o(.data)
    AHBPrescTable                            0x20000080   Data          16  system_stm32f10x.o(.data)
    IP_ask_flag                              0x200000a4   Data           1  printf.o(.data)
    RxCounter1                               0x200000a5   Data           1  printf.o(.data)
    RxCounter2                               0x200000a6   Data           1  printf.o(.data)
    FLAG_Rx                                  0x200000a7   Data           1  printf.o(.data)
    RECEIVE_flag2                            0x200000a8   Data           1  printf.o(.data)
    Banttesla                                0x200000ac   Data           4  printf.o(.data)
    ADC_ConvertedValue                       0x200000b2   Data           2  adc.o(.data)
    __stdout                                 0x200000b4   Data           4  stdout.o(.data)
    RxBuffer1                                0x200000b8   Data          29  printf.o(.bss)
    RxBuffer2                                0x200000d5   Data          10  printf.o(.bss)
    RxBuffer2N                               0x200000df   Data          10  printf.o(.bss)
    __initial_sp                             0x200004f0   Data           0  startup_stm32f10x_hd.o(STACK)



==============================================================================

Memory Map of the image

  Image Entry point : 0x08000131

  Load Region LR_IROM1 (Base: 0x08000000, Size: 0x00003ef4, Max: 0x00080000, ABSOLUTE)

    Execution Region ER_IROM1 (Base: 0x08000000, Size: 0x00003e3c, Max: 0x00080000, ABSOLUTE)

    Base Addr    Size         Type   Attr      Idx    E Section Name        Object

    0x08000000   0x00000130   Data   RO          229    RESET               startup_stm32f10x_hd.o
    0x08000130   0x00000000   Code   RO          449  * .ARM.Collect$$$$00000000  mc_w.l(entry.o)
    0x08000130   0x00000004   Code   RO          723    .ARM.Collect$$$$00000001  mc_w.l(entry2.o)
    0x08000134   0x00000004   Code   RO          726    .ARM.Collect$$$$00000004  mc_w.l(entry5.o)
    0x08000138   0x00000000   Code   RO          728    .ARM.Collect$$$$00000008  mc_w.l(entry7b.o)
    0x08000138   0x00000000   Code   RO          730    .ARM.Collect$$$$0000000A  mc_w.l(entry8b.o)
    0x08000138   0x00000008   Code   RO          731    .ARM.Collect$$$$0000000B  mc_w.l(entry9a.o)
    0x08000140   0x00000000   Code   RO          733    .ARM.Collect$$$$0000000D  mc_w.l(entry10a.o)
    0x08000140   0x00000000   Code   RO          735    .ARM.Collect$$$$0000000F  mc_w.l(entry11a.o)
    0x08000140   0x00000004   Code   RO          724    .ARM.Collect$$$$00002712  mc_w.l(entry2.o)
    0x08000144   0x00000044   Code   RO            1    .text               stm32f10x_it.o
    0x08000188   0x000001c4   Code   RO          115    .text               main.o
    0x0800034c   0x0000006c   Code   RO          146    .text               public.o
    0x080003b8   0x000001e0   Code   RO          190    .text               system_stm32f10x.o
    0x08000598   0x00000024   Code   RO          230    .text               startup_stm32f10x_hd.o
    0x080005bc   0x0000035c   Code   RO          234    .text               stm32f10x_gpio.o
    0x08000918   0x000003a4   Code   RO          246    .text               stm32f10x_rcc.o
    0x08000cbc   0x00000408   Code   RO          260    .text               stm32f10x_usart.o
    0x080010c4   0x000000dc   Code   RO          272    .text               misc.o
    0x080011a0   0x00000e1a   Code   RO          296    .text               stm32f10x_tim.o
    0x08001fba   0x00000002   PAD
    0x08001fbc   0x0000044e   Code   RO          320    .text               stm32f10x_adc.o
    0x0800240a   0x00000002   PAD
    0x0800240c   0x00000254   Code   RO          332    .text               stm32f10x_dma.o
    0x08002660   0x00000088   Code   RO          344    .text               systick.o
    0x080026e8   0x000005b4   Code   RO          359    .text               printf.o
    0x08002c9c   0x00000068   Code   RO          397    .text               time.o
    0x08002d04   0x00000068   Code   RO          412    .text               led.o
    0x08002d6c   0x00000118   Code   RO          427    .text               adc.o
    0x08002e84   0x0000007c   Code   RO          713    .text               mf_w.l(fdiv.o)
    0x08002f00   0x000000e4   Code   RO          715    .text               mf_w.l(dmul.o)
    0x08002fe4   0x0000000a   Code   RO          717    .text               mf_w.l(ffltui.o)
    0x08002fee   0x00000026   Code   RO          719    .text               mf_w.l(f2d.o)
    0x08003014   0x00000038   Code   RO          721    .text               mf_w.l(d2f.o)
    0x0800304c   0x0000002c   Code   RO          738    .text               mc_w.l(uidiv.o)
    0x08003078   0x00000062   Code   RO          740    .text               mc_w.l(uldiv.o)
    0x080030da   0x00000000   Code   RO          742    .text               mc_w.l(iusefp.o)
    0x080030da   0x0000006e   Code   RO          743    .text               mf_w.l(fepilogue.o)
    0x08003148   0x000000ba   Code   RO          745    .text               mf_w.l(depilogue.o)
    0x08003202   0x0000014e   Code   RO          747    .text               mf_w.l(dadd.o)
    0x08003350   0x000000de   Code   RO          749    .text               mf_w.l(ddiv.o)
    0x0800342e   0x00000030   Code   RO          751    .text               mf_w.l(dfixul.o)
    0x0800345e   0x00000002   PAD
    0x08003460   0x00000030   Code   RO          753    .text               mf_w.l(cdrcmple.o)
    0x08003490   0x00000024   Code   RO          755    .text               mc_w.l(init.o)
    0x080034b4   0x0000001e   Code   RO          757    .text               mc_w.l(llshl.o)
    0x080034d2   0x00000020   Code   RO          759    .text               mc_w.l(llushr.o)
    0x080034f2   0x00000024   Code   RO          761    .text               mc_w.l(llsshr.o)
    0x08003516   0x00000002   PAD
    0x08003518   0x00000020   Code   RO          685    i.__0printf         mc_w.l(printfa.o)
    0x08003538   0x00000028   Code   RO          687    i.__0sprintf        mc_w.l(printfa.o)
    0x08003560   0x0000000e   Code   RO          765    i.__scatterload_copy  mc_w.l(handlers.o)
    0x0800356e   0x00000002   Code   RO          766    i.__scatterload_null  mc_w.l(handlers.o)
    0x08003570   0x0000000e   Code   RO          767    i.__scatterload_zeroinit  mc_w.l(handlers.o)
    0x0800357e   0x00000002   PAD
    0x08003580   0x00000164   Code   RO          692    i._fp_digits        mc_w.l(printfa.o)
    0x080036e4   0x000006dc   Code   RO          693    i._printf_core      mc_w.l(printfa.o)
    0x08003dc0   0x00000024   Code   RO          694    i._printf_post_padding  mc_w.l(printfa.o)
    0x08003de4   0x0000002e   Code   RO          695    i._printf_pre_padding  mc_w.l(printfa.o)
    0x08003e12   0x0000000a   Code   RO          697    i._sputc            mc_w.l(printfa.o)
    0x08003e1c   0x00000020   Data   RO          763    Region$$Table       anon$$obj.o


    Execution Region RW_IRAM1 (Base: 0x20000000, Size: 0x000004f0, Max: 0x00010000, ABSOLUTE)

    Base Addr    Size         Type   Attr      Idx    E Section Name        Object

    0x20000000   0x0000006a   Data   RW          117    .data               main.o
    0x2000006a   0x00000002   PAD
    0x2000006c   0x00000010   Data   RW          148    .data               public.o
    0x2000007c   0x00000014   Data   RW          191    .data               system_stm32f10x.o
    0x20000090   0x00000014   Data   RW          247    .data               stm32f10x_rcc.o
    0x200000a4   0x0000000d   Data   RW          361    .data               printf.o
    0x200000b1   0x00000001   PAD
    0x200000b2   0x00000002   Data   RW          428    .data               adc.o
    0x200000b4   0x00000004   Data   RW          737    .data               mc_w.l(stdout.o)
    0x200000b8   0x00000031   Zero   RW          360    .bss                printf.o
    0x200000e9   0x00000007   PAD
    0x200000f0   0x00000400   Zero   RW          227    STACK               startup_stm32f10x_hd.o


==============================================================================

Image component sizes


      Code (inc. data)   RO Data    RW Data    ZI Data      Debug   Object Name

       280         16          0          2          0       1353   adc.o
         0          0          0          0          0         32   core_cm3.o
       104         10          0          0          0        467   led.o
       452        160          0        106          0       1394   main.o
       220         22          0          0          0       1825   misc.o
      1460         90          0         13         49       5036   printf.o
       108          8          0         16          0       1799   public.o
        36          8        304          0       1024        760   startup_stm32f10x_hd.o
      1102         26          0          0          0      10857   stm32f10x_adc.o
       596          8          0          0          0       4358   stm32f10x_dma.o
       860         38          0          0          0       5669   stm32f10x_gpio.o
        68          4          0          0          0     275153   stm32f10x_it.o
       932         36          0         20          0       8824   stm32f10x_rcc.o
      3610         88          0          0          0      22156   stm32f10x_tim.o
      1032         22          0          0          0       8396   stm32f10x_usart.o
       480         38          0         20          0       1919   system_stm32f10x.o
       136          0          0          0          0        812   systick.o
       104          4          0          0          0        512   time.o

    ----------------------------------------------------------------------
     11584        578        336        180       1080     351322   Object Totals
         0          0         32          0          0          0   (incl. Generated)
         4          0          0          3          7          0   (incl. Padding)

    ----------------------------------------------------------------------

      Code (inc. data)   RO Data    RW Data    ZI Data      Debug   Library Member Name

         0          0          0          0          0          0   entry.o
         0          0          0          0          0          0   entry10a.o
         0          0          0          0          0          0   entry11a.o
         8          4          0          0          0          0   entry2.o
         4          0          0          0          0          0   entry5.o
         0          0          0          0          0          0   entry7b.o
         0          0          0          0          0          0   entry8b.o
         8          4          0          0          0          0   entry9a.o
        30          0          0          0          0          0   handlers.o
        36          8          0          0          0         68   init.o
         0          0          0          0          0          0   iusefp.o
        30          0          0          0          0         68   llshl.o
        36          0          0          0          0         68   llsshr.o
        32          0          0          0          0         68   llushr.o
      2276         96          0          0          0        596   printfa.o
         0          0          0          4          0          0   stdout.o
        44          0          0          0          0         80   uidiv.o
        98          0          0          0          0         92   uldiv.o
        48          0          0          0          0         68   cdrcmple.o
        56          0          0          0          0         88   d2f.o
       334          0          0          0          0        148   dadd.o
       222          0          0          0          0        100   ddiv.o
       186          0          0          0          0        176   depilogue.o
        48          0          0          0          0         68   dfixul.o
       228          0          0          0          0         96   dmul.o
        38          0          0          0          0         68   f2d.o
       124          0          0          0          0         88   fdiv.o
       110          0          0          0          0        168   fepilogue.o
        10          0          0          0          0         68   ffltui.o

    ----------------------------------------------------------------------
      4012        112          0          4          0       2176   Library Totals
         6          0          0          0          0          0   (incl. Padding)

    ----------------------------------------------------------------------

      Code (inc. data)   RO Data    RW Data    ZI Data      Debug   Library Name

      2602        112          0          4          0       1040   mc_w.l
      1404          0          0          0          0       1136   mf_w.l

    ----------------------------------------------------------------------
      4012        112          0          4          0       2176   Library Totals

    ----------------------------------------------------------------------

==============================================================================


      Code (inc. data)   RO Data    RW Data    ZI Data      Debug   

     15596        690        336        184       1080     351102   Grand Totals
     15596        690        336        184       1080     351102   ELF Image Totals
     15596        690        336        184          0          0   ROM Totals

==============================================================================

    Total RO  Size (Code + RO Data)                15932 (  15.56kB)
    Total RW  Size (RW Data + ZI Data)              1264 (   1.23kB)
    Total ROM Size (Code + RO Data + RW Data)      16116 (  15.74kB)

==============================================================================

